(node:87490) [DEP0040] DeprecationWarning: The `punycode` module is deprecated. Please use a userland alternative instead.
(Use `node --trace-deprecation ...` to show where the warning was created)
(node:87490) [DEP0169] DeprecationWarning: `url.parse()` behavior is not standardized and prone to errors that have security implications. Use the WHATWG URL API instead. CVEs are not issued for `url.parse()` vulnerabilities.
(node:87504) [DEP0040] DeprecationWarning: The `punycode` module is deprecated. Please use a userland alternative instead.
(Use `node --trace-deprecation ...` to show where the warning was created)
(node:87504) [DEP0169] DeprecationWarning: `url.parse()` behavior is not standardized and prone to errors that have security implications. Use the WHATWG URL API instead. CVEs are not issued for `url.parse()` vulnerabilities.
Loaded cached credentials.
[ERROR] [IDEClient] To use this feature, please open a workspace folder in your IDE and try again.

   █████████  ██████████ ██████   ██████ █████ ██████   █████ █████
  ███░░░░░███░░███░░░░░█░░██████ ██████ ░░███ ░░██████ ░░███ ░░███
 ███     ░░░  ░███  █ ░  ░███░█████░███  ░███  ░███░███ ░███  ░███
░███          ░██████    ░███░░███ ░███  ░███  ░███░░███░███  ░███
░███    █████ ░███░░█    ░███ ░░░  ░███  ░███  ░███ ░░██████  ░███
░░███  ░░███  ░███ ░   █ ░███      ░███  ░███  ░███  ░░█████  ░███
 ░░█████████  ██████████ █████     █████ █████ █████  ░░█████ █████
  ░░░░░░░░░  ░░░░░░░░░░ ░░░░░     ░░░░░ ░░░░░ ░░░░░    ░░░░░ ░░░░░

                                   v0.9.0-nightly.20251001.163dba7e
Tips for getting started:
1. Ask questions, edit files, or run commands.
2. Be specific for the best results.
3. /help for more information.
╭──────────────────────────────────────────────────────────────────────╮
│                                                                      │
│ ⠋ Waiting for auth... (Press ESC or CTRL+C to cancel)                │
│                                                                      │
╰──────────────────────────────────────────────────────────────────────╯
╭──────────────────────────────────────────────────────────────────────╮
│                                                                      │
│ ⠙ Waiting for auth... (Press ESC or CTRL+C to cancel)                │
│                                                                      │
╰──────────────────────────────────────────────────────────────────────╯
╭──────────────────────────────────────────────────────────────────────╮
│                                                                      │
│ ⠹ Waiting for auth... (Press ESC or CTRL+C to cancel)                │
│                                                                      │
╰──────────────────────────────────────────────────────────────────────╯
╭──────────────────────────────────────────────────────────────────────╮
│                                                                      │
│ ⠸ Waiting for auth... (Press ESC or CTRL+C to cancel)                │
│                                                                      │
╰──────────────────────────────────────────────────────────────────────╯
╭──────────────────────────────────────────────────────────────────────╮
│                                                                      │
│ ⠼ Waiting for auth... (Press ESC or CTRL+C to cancel)                │
│                                                                      │
╰──────────────────────────────────────────────────────────────────────╯
╭──────────────────────────────────────────────────────────────────────╮
│                                                                      │
│ ⠴ Waiting for auth... (Press ESC or CTRL+C to cancel)                │
│                                                                      │
╰──────────────────────────────────────────────────────────────────────╯
╭──────────────────────────────────────────────────────────────────────╮
│                                                                      │
│ ⠦ Waiting for auth... (Press ESC or CTRL+C to cancel)                │
│                                                                      │
╰──────────────────────────────────────────────────────────────────────╯
╭──────────────────────────────────────────────────────────────────────╮
│                                                                      │
│ ⠧ Waiting for auth... (Press ESC or CTRL+C to cancel)                │
│                                                                      │
╰──────────────────────────────────────────────────────────────────────╯
╭──────────────────────────────────────────────────────────────────────╮
│                                                                      │
│ ⠇ Waiting for auth... (Press ESC or CTRL+C to cancel)                │
│                                                                      │
╰──────────────────────────────────────────────────────────────────────╯
╭──────────────────────────────────────────────────────────────────────╮
│                                                                      │
│ ⠏ Waiting for auth... (Press ESC or CTRL+C to cancel)                │
│                                                                      │
╰──────────────────────────────────────────────────────────────────────╯
╭──────────────────────────────────────────────────────────────────────╮
│                                                                      │
│ ⠋ Waiting for auth... (Press ESC or CTRL+C to cancel)                │
│                                                                      │
╰──────────────────────────────────────────────────────────────────────╯
╭──────────────────────────────────────────────────────────────────────╮
│                                                                      │
│ ⠙ Waiting for auth... (Press ESC or CTRL+C to cancel)                │
│                                                                      │
╰──────────────────────────────────────────────────────────────────────╯
╭──────────────────────────────────────────────────────────────────────╮
│                                                                      │
│ ⠹ Waiting for auth... (Press ESC or CTRL+C to cancel)                │
│                                                                      │
╰──────────────────────────────────────────────────────────────────────╯
╭──────────────────────────────────────────────────────────────────────╮
│                                                                      │
│ ⠸ Waiting for auth... (Press ESC or CTRL+C to cancel)                │
│                                                                      │
╰──────────────────────────────────────────────────────────────────────╯
╭──────────────────────────────────────────────────────────────────────╮
│                                                                      │
│ ⠼ Waiting for auth... (Press ESC or CTRL+C to cancel)                │
│                                                                      │
╰──────────────────────────────────────────────────────────────────────╯
╭──────────────────────────────────────────────────────────────────────╮
│                                                                      │
│ ⠴ Waiting for auth... (Press ESC or CTRL+C to cancel)                │
│                                                                      │
╰──────────────────────────────────────────────────────────────────────╯
╭──────────────────────────────────────────────────────────────────────╮
│                                                                      │
│ ⠦ Waiting for auth... (Press ESC or CTRL+C to cancel)                │
│                                                                      │
╰──────────────────────────────────────────────────────────────────────╯
╭──────────────────────────────────────────────────────────────────────╮
│                                                                      │
│ ⠧ Waiting for auth... (Press ESC or CTRL+C to cancel)                │
│                                                                      │
╰──────────────────────────────────────────────────────────────────────╯
╭──────────────────────────────────────────────────────────────────────╮
│                                                                      │
│ ⠇ Waiting for auth... (Press ESC or CTRL+C to cancel)                │
│                                                                      │
╰──────────────────────────────────────────────────────────────────────╯

⠋ Initializing...

Using:
  - 2 GEMINI.md files                     YOLO mode (ctrl + y to toggle)
  - 6 MCP servers (ctrl+t to view)
╭──────────────────────────────────────────────────────────────────────╮
│ *   Type your message or @path/to/file                               │
╰──────────────────────────────────────────────────────────────────────╯
gemini-cli (yifan*)

no sandbox (see /docs)

gemini-2.5-flash (100% context left)  | ✖ 4 errors (ctrl+o for details)

⠙ Initializing...

Using:
  - 2 GEMINI.md files                     YOLO mode (ctrl + y to toggle)
  - 6 MCP servers (ctrl+t to view)
╭──────────────────────────────────────────────────────────────────────╮
│ *   Type your message or @path/to/file                               │
╰──────────────────────────────────────────────────────────────────────╯
gemini-cli (yifan*)

no sandbox (see /docs)

gemini-2.5-flash (100% context left)  | ✖ 4 errors (ctrl+o for details)

⠹ Initializing...

Using:
  - 2 GEMINI.md files                     YOLO mode (ctrl + y to toggle)
  - 6 MCP servers (ctrl+t to view)
╭──────────────────────────────────────────────────────────────────────╮
│ *   Type your message or @path/to/file                               │
╰──────────────────────────────────────────────────────────────────────╯
gemini-cli (yifan*)

no sandbox (see /docs)

gemini-2.5-flash (100% context left)  | ✖ 4 errors (ctrl+o for details)

⠸ Initializing...

Using:
  - 2 GEMINI.md files                     YOLO mode (ctrl + y to toggle)
  - 6 MCP servers (ctrl+t to view)
╭──────────────────────────────────────────────────────────────────────╮
│ *   Type your message or @path/to/file                               │
╰──────────────────────────────────────────────────────────────────────╯
gemini-cli (yifan*)

no sandbox (see /docs)

gemini-2.5-flash (100% context left)  | ✖ 4 errors (ctrl+o for details)

╭──────────────────────────────────────────────────────────────────────╮
│ A new version of Gemini CLI is available!                            │
│ 0.9.0-nightly.20251001.163dba7e → 0.10.0-nightly.20251015.996c9f59   │
│ Running from a local git clone. Please update with "git pull".       │
╰──────────────────────────────────────────────────────────────────────╯

⠸ Initializing...

Using:
  - 2 GEMINI.md files                     YOLO mode (ctrl + y to toggle)
  - 6 MCP servers (ctrl+t to view)
╭──────────────────────────────────────────────────────────────────────╮
│ *   Type your message or @path/to/file                               │
╰──────────────────────────────────────────────────────────────────────╯
gemini-cli (yifan*)

no sandbox (see /docs)

gemini-2.5-flash (100% context left)  | ✖ 4 errors (ctrl+o for details)

╭──────────────────────────────────────────────────────────────────────╮
│ A new version of Gemini CLI is available!                            │
│ 0.9.0-nightly.20251001.163dba7e → 0.10.0-nightly.20251015.996c9f59   │
│ Running from a local git clone. Please update with "git pull".       │
╰──────────────────────────────────────────────────────────────────────╯

⠼ Initializing...

Using:
  - 2 GEMINI.md files                     YOLO mode (ctrl + y to toggle)
  - 6 MCP servers (ctrl+t to view)
╭──────────────────────────────────────────────────────────────────────╮
│ *   Type your message or @path/to/file                               │
╰──────────────────────────────────────────────────────────────────────╯
gemini-cli (yifan*)

no sandbox (see /docs)

gemini-2.5-flash (100% context left)  | ✖ 4 errors (ctrl+o for details)

╭──────────────────────────────────────────────────────────────────────╮
│ A new version of Gemini CLI is available!                            │
│ 0.9.0-nightly.20251001.163dba7e → 0.10.0-nightly.20251015.996c9f59   │
│ Running from a local git clone. Please update with "git pull".       │
╰──────────────────────────────────────────────────────────────────────╯

⠴ Initializing...

Using:
  - 2 GEMINI.md files                     YOLO mode (ctrl + y to toggle)
  - 6 MCP servers (ctrl+t to view)
╭──────────────────────────────────────────────────────────────────────╮
│ *   Type your message or @path/to/file                               │
╰──────────────────────────────────────────────────────────────────────╯
gemini-cli (yifan*)

no sandbox (see /docs)

gemini-2.5-flash (100% context left)  | ✖ 4 errors (ctrl+o for details)

╭──────────────────────────────────────────────────────────────────────╮
│ A new version of Gemini CLI is available!                            │
│ 0.9.0-nightly.20251001.163dba7e → 0.10.0-nightly.20251015.996c9f59   │
│ Running from a local git clone. Please update with "git pull".       │
╰──────────────────────────────────────────────────────────────────────╯

⠦ Initializing...

Using:
  - 2 GEMINI.md files                     YOLO mode (ctrl + y to toggle)
  - 6 MCP servers (ctrl+t to view)
╭──────────────────────────────────────────────────────────────────────╮
│ *   Type your message or @path/to/file                               │
╰──────────────────────────────────────────────────────────────────────╯
gemini-cli (yifan*)

no sandbox (see /docs)

gemini-2.5-flash (100% context left)  | ✖ 4 errors (ctrl+o for details)

╭──────────────────────────────────────────────────────────────────────╮
│ A new version of Gemini CLI is available!                            │
│ 0.9.0-nightly.20251001.163dba7e → 0.10.0-nightly.20251015.996c9f59   │
│ Running from a local git clone. Please update with "git pull".       │
╰──────────────────────────────────────────────────────────────────────╯

⠧ Initializing...

Using:
  - 2 GEMINI.md files                     YOLO mode (ctrl + y to toggle)
  - 6 MCP servers (ctrl+t to view)
╭──────────────────────────────────────────────────────────────────────╮
│ *   Type your message or @path/to/file                               │
╰──────────────────────────────────────────────────────────────────────╯
gemini-cli (yifan*)

no sandbox (see /docs)

gemini-2.5-flash (100% context left)  | ✖ 4 errors (ctrl+o for details)

╭──────────────────────────────────────────────────────────────────────╮
│ A new version of Gemini CLI is available!                            │
│ 0.9.0-nightly.20251001.163dba7e → 0.10.0-nightly.20251015.996c9f59   │
│ Running from a local git clone. Please update with "git pull".       │
╰──────────────────────────────────────────────────────────────────────╯

⠇ Initializing...

Using:
  - 2 GEMINI.md files                     YOLO mode (ctrl + y to toggle)
  - 6 MCP servers (ctrl+t to view)
╭──────────────────────────────────────────────────────────────────────╮
│ *   Type your message or @path/to/file                               │
╰──────────────────────────────────────────────────────────────────────╯
gemini-cli (yifan*)

no sandbox (see /docs)

gemini-2.5-flash (100% context left)  | ✖ 4 errors (ctrl+o for details)

╭──────────────────────────────────────────────────────────────────────╮
│ A new version of Gemini CLI is available!                            │
│ 0.9.0-nightly.20251001.163dba7e → 0.10.0-nightly.20251015.996c9f59   │
│ Running from a local git clone. Please update with "git pull".       │
╰──────────────────────────────────────────────────────────────────────╯

⠏ Initializing...

Using:
  - 2 GEMINI.md files                     YOLO mode (ctrl + y to toggle)
  - 6 MCP servers (ctrl+t to view)
╭──────────────────────────────────────────────────────────────────────╮
│ *   Type your message or @path/to/file                               │
╰──────────────────────────────────────────────────────────────────────╯
gemini-cli (yifan*)

no sandbox (see /docs)

gemini-2.5-flash (100% context left)  | ✖ 4 errors (ctrl+o for details)

╭──────────────────────────────────────────────────────────────────────╮
│ A new version of Gemini CLI is available!                            │
│ 0.9.0-nightly.20251001.163dba7e → 0.10.0-nightly.20251015.996c9f59   │
│ Running from a local git clone. Please update with "git pull".       │
╰──────────────────────────────────────────────────────────────────────╯

⠋ Initializing...

Using:
  - 2 GEMINI.md files                     YOLO mode (ctrl + y to toggle)
  - 6 MCP servers (ctrl+t to view)
╭──────────────────────────────────────────────────────────────────────╮
│ *   Type your message or @path/to/file                               │
╰──────────────────────────────────────────────────────────────────────╯
gemini-cli (yifan*)

no sandbox (see /docs)

gemini-2.5-flash (100% context left)  | ✖ 4 errors (ctrl+o for details)

╭──────────────────────────────────────────────────────────────────────╮
│ A new version of Gemini CLI is available!                            │
│ 0.9.0-nightly.20251001.163dba7e → 0.10.0-nightly.20251015.996c9f59   │
│ Running from a local git clone. Please update with "git pull".       │
╰──────────────────────────────────────────────────────────────────────╯

⠙ Initializing...

Using:
  - 2 GEMINI.md files                     YOLO mode (ctrl + y to toggle)
  - 6 MCP servers (ctrl+t to view)
╭──────────────────────────────────────────────────────────────────────╮
│ *   Type your message or @path/to/file                               │
╰──────────────────────────────────────────────────────────────────────╯
gemini-cli (yifan*)

no sandbox (see /docs)

gemini-2.5-flash (100% context left)  | ✖ 4 errors (ctrl+o for details)

╭──────────────────────────────────────────────────────────────────────╮
│ A new version of Gemini CLI is available!                            │
│ 0.9.0-nightly.20251001.163dba7e → 0.10.0-nightly.20251015.996c9f59   │
│ Running from a local git clone. Please update with "git pull".       │
╰──────────────────────────────────────────────────────────────────────╯

⠹ Initializing...

Using:
  - 2 GEMINI.md files                     YOLO mode (ctrl + y to toggle)
  - 6 MCP servers (ctrl+t to view)
╭──────────────────────────────────────────────────────────────────────╮
│ *   Type your message or @path/to/file                               │
╰──────────────────────────────────────────────────────────────────────╯
gemini-cli (yifan*)

no sandbox (see /docs)

gemini-2.5-flash (100% context left)  | ✖ 4 errors (ctrl+o for details)

╭──────────────────────────────────────────────────────────────────────╮
│ A new version of Gemini CLI is available!                            │
│ 0.9.0-nightly.20251001.163dba7e → 0.10.0-nightly.20251015.996c9f59   │
│ Running from a local git clone. Please update with "git pull".       │
╰──────────────────────────────────────────────────────────────────────╯

⠸ Initializing...

Using:
  - 2 GEMINI.md files                     YOLO mode (ctrl + y to toggle)
  - 6 MCP servers (ctrl+t to view)
╭──────────────────────────────────────────────────────────────────────╮
│ *   Type your message or @path/to/file                               │
╰──────────────────────────────────────────────────────────────────────╯
gemini-cli (yifan*)

no sandbox (see /docs)

gemini-2.5-flash (100% context left)  | ✖ 4 errors (ctrl+o for details)

╭──────────────────────────────────────────────────────────────────────╮
│ A new version of Gemini CLI is available!                            │
│ 0.9.0-nightly.20251001.163dba7e → 0.10.0-nightly.20251015.996c9f59   │
│ Running from a local git clone. Please update with "git pull".       │
╰──────────────────────────────────────────────────────────────────────╯

⠼ Initializing...

Using:
  - 2 GEMINI.md files                     YOLO mode (ctrl + y to toggle)
  - 6 MCP servers (ctrl+t to view)
╭──────────────────────────────────────────────────────────────────────╮
│ *   Type your message or @path/to/file                               │
╰──────────────────────────────────────────────────────────────────────╯
gemini-cli (yifan*)

no sandbox (see /docs)

gemini-2.5-flash (100% context left)  | ✖ 4 errors (ctrl+o for details)

╭──────────────────────────────────────────────────────────────────────╮
│ A new version of Gemini CLI is available!                            │
│ 0.9.0-nightly.20251001.163dba7e → 0.10.0-nightly.20251015.996c9f59   │
│ Running from a local git clone. Please update with "git pull".       │
╰──────────────────────────────────────────────────────────────────────╯

⠴ Initializing...

Using:
  - 2 GEMINI.md files                     YOLO mode (ctrl + y to toggle)
  - 6 MCP servers (ctrl+t to view)
╭──────────────────────────────────────────────────────────────────────╮
│ *   Type your message or @path/to/file                               │
╰──────────────────────────────────────────────────────────────────────╯
gemini-cli (yifan*)

no sandbox (see /docs)

gemini-2.5-flash (100% context left)  | ✖ 4 errors (ctrl+o for details)

╭──────────────────────────────────────────────────────────────────────╮
│ A new version of Gemini CLI is available!                            │
│ 0.9.0-nightly.20251001.163dba7e → 0.10.0-nightly.20251015.996c9f59   │
│ Running from a local git clone. Please update with "git pull".       │
╰──────────────────────────────────────────────────────────────────────╯

⠴ Connecting to MCP servers... (2/6)

Using:
  - 2 GEMINI.md files                     YOLO mode (ctrl + y to toggle)
  - 6 MCP servers (ctrl+t to view)
╭──────────────────────────────────────────────────────────────────────╮
│ *   Type your message or @path/to/file                               │
╰──────────────────────────────────────────────────────────────────────╯
gemini-cli (yifan*)

no sandbox (see /docs)

gemini-2.5-flash (100% context left)  | ✖ 4 errors (ctrl+o for details)

╭──────────────────────────────────────────────────────────────────────╮
│ A new version of Gemini CLI is available!                            │
│ 0.9.0-nightly.20251001.163dba7e → 0.10.0-nightly.20251015.996c9f59   │
│ Running from a local git clone. Please update with "git pull".       │
╰──────────────────────────────────────────────────────────────────────╯

⠴ Connecting to MCP servers... (3/6)

Using:
  - 2 GEMINI.md files                     YOLO mode (ctrl + y to toggle)
  - 6 MCP servers (ctrl+t to view)
╭──────────────────────────────────────────────────────────────────────╮
│ *   Type your message or @path/to/file                               │
╰──────────────────────────────────────────────────────────────────────╯
gemini-cli (yifan*)

no sandbox (see /docs)

gemini-2.5-flash (100% context left)  | ✖ 4 errors (ctrl+o for details)

╭──────────────────────────────────────────────────────────────────────╮
│ A new version of Gemini CLI is available!                            │
│ 0.9.0-nightly.20251001.163dba7e → 0.10.0-nightly.20251015.996c9f59   │
│ Running from a local git clone. Please update with "git pull".       │
╰──────────────────────────────────────────────────────────────────────╯

⠦ Connecting to MCP servers... (3/6)

Using:
  - 2 GEMINI.md files                     YOLO mode (ctrl + y to toggle)
  - 6 MCP servers (ctrl+t to view)
╭──────────────────────────────────────────────────────────────────────╮
│ *   Type your message or @path/to/file                               │
╰──────────────────────────────────────────────────────────────────────╯
gemini-cli (yifan*)

no sandbox (see /docs)

gemini-2.5-flash (100% context left)  | ✖ 4 errors (ctrl+o for details)

╭──────────────────────────────────────────────────────────────────────╮
│ A new version of Gemini CLI is available!                            │
│ 0.9.0-nightly.20251001.163dba7e → 0.10.0-nightly.20251015.996c9f59   │
│ Running from a local git clone. Please update with "git pull".       │
╰──────────────────────────────────────────────────────────────────────╯

⠧ Connecting to MCP servers... (3/6)

Using:
  - 2 GEMINI.md files                     YOLO mode (ctrl + y to toggle)
  - 6 MCP servers (ctrl+t to view)
╭──────────────────────────────────────────────────────────────────────╮
│ *   Type your message or @path/to/file                               │
╰──────────────────────────────────────────────────────────────────────╯
gemini-cli (yifan*)

no sandbox (see /docs)

gemini-2.5-flash (100% context left)  | ✖ 4 errors (ctrl+o for details)

╭──────────────────────────────────────────────────────────────────────╮
│ A new version of Gemini CLI is available!                            │
│ 0.9.0-nightly.20251001.163dba7e → 0.10.0-nightly.20251015.996c9f59   │
│ Running from a local git clone. Please update with "git pull".       │
╰──────────────────────────────────────────────────────────────────────╯

⠇ Connecting to MCP servers... (3/6)

Using:
  - 2 GEMINI.md files                     YOLO mode (ctrl + y to toggle)
  - 6 MCP servers (ctrl+t to view)
╭──────────────────────────────────────────────────────────────────────╮
│ *   Type your message or @path/to/file                               │
╰──────────────────────────────────────────────────────────────────────╯
gemini-cli (yifan*)

no sandbox (see /docs)

gemini-2.5-flash (100% context left)  | ✖ 4 errors (ctrl+o for details)

╭──────────────────────────────────────────────────────────────────────╮
│ A new version of Gemini CLI is available!                            │
│ 0.9.0-nightly.20251001.163dba7e → 0.10.0-nightly.20251015.996c9f59   │
│ Running from a local git clone. Please update with "git pull".       │
╰──────────────────────────────────────────────────────────────────────╯

⠏ Connecting to MCP servers... (3/6)

Using:
  - 2 GEMINI.md files                     YOLO mode (ctrl + y to toggle)
  - 6 MCP servers (ctrl+t to view)
╭──────────────────────────────────────────────────────────────────────╮
│ *   Type your message or @path/to/file                               │
╰──────────────────────────────────────────────────────────────────────╯
gemini-cli (yifan*)

no sandbox (see /docs)

gemini-2.5-flash (100% context left)  | ✖ 4 errors (ctrl+o for details)

╭──────────────────────────────────────────────────────────────────────╮
│ A new version of Gemini CLI is available!                            │
│ 0.9.0-nightly.20251001.163dba7e → 0.10.0-nightly.20251015.996c9f59   │
│ Running from a local git clone. Please update with "git pull".       │
╰──────────────────────────────────────────────────────────────────────╯

⠋ Connecting to MCP servers... (3/6)

Using:
  - 2 GEMINI.md files                     YOLO mode (ctrl + y to toggle)
  - 6 MCP servers (ctrl+t to view)
╭──────────────────────────────────────────────────────────────────────╮
│ *   Type your message or @path/to/file                               │
╰──────────────────────────────────────────────────────────────────────╯
gemini-cli (yifan*)

no sandbox (see /docs)

gemini-2.5-flash (100% context left)  | ✖ 4 errors (ctrl+o for details)

╭──────────────────────────────────────────────────────────────────────╮
│ A new version of Gemini CLI is available!                            │
│ 0.9.0-nightly.20251001.163dba7e → 0.10.0-nightly.20251015.996c9f59   │
│ Running from a local git clone. Please update with "git pull".       │
╰──────────────────────────────────────────────────────────────────────╯

⠙ Connecting to MCP servers... (3/6)

Using:
  - 2 GEMINI.md files                     YOLO mode (ctrl + y to toggle)
  - 6 MCP servers (ctrl+t to view)
╭──────────────────────────────────────────────────────────────────────╮
│ *   Type your message or @path/to/file                               │
╰──────────────────────────────────────────────────────────────────────╯
gemini-cli (yifan*)

no sandbox (see /docs)

gemini-2.5-flash (100% context left)  | ✖ 4 errors (ctrl+o for details)

╭──────────────────────────────────────────────────────────────────────╮
│ A new version of Gemini CLI is available!                            │
│ 0.9.0-nightly.20251001.163dba7e → 0.10.0-nightly.20251015.996c9f59   │
│ Running from a local git clone. Please update with "git pull".       │
╰──────────────────────────────────────────────────────────────────────╯

⠹ Connecting to MCP servers... (3/6)

Using:
  - 2 GEMINI.md files                     YOLO mode (ctrl + y to toggle)
  - 6 MCP servers (ctrl+t to view)
╭──────────────────────────────────────────────────────────────────────╮
│ *   Type your message or @path/to/file                               │
╰──────────────────────────────────────────────────────────────────────╯
gemini-cli (yifan*)

no sandbox (see /docs)

gemini-2.5-flash (100% context left)  | ✖ 4 errors (ctrl+o for details)

╭──────────────────────────────────────────────────────────────────────╮
│ A new version of Gemini CLI is available!                            │
│ 0.9.0-nightly.20251001.163dba7e → 0.10.0-nightly.20251015.996c9f59   │
│ Running from a local git clone. Please update with "git pull".       │
╰──────────────────────────────────────────────────────────────────────╯

⠸ Connecting to MCP servers... (3/6)

Using:
  - 2 GEMINI.md files                     YOLO mode (ctrl + y to toggle)
  - 6 MCP servers (ctrl+t to view)
╭──────────────────────────────────────────────────────────────────────╮
│ *   Type your message or @path/to/file                               │
╰──────────────────────────────────────────────────────────────────────╯
gemini-cli (yifan*)

no sandbox (see /docs)

gemini-2.5-flash (100% context left)  | ✖ 4 errors (ctrl+o for details)

╭──────────────────────────────────────────────────────────────────────╮
│ A new version of Gemini CLI is available!                            │
│ 0.9.0-nightly.20251001.163dba7e → 0.10.0-nightly.20251015.996c9f59   │
│ Running from a local git clone. Please update with "git pull".       │
╰──────────────────────────────────────────────────────────────────────╯

⠸ Connecting to MCP servers... (4/6)

Using:
  - 2 GEMINI.md files                     YOLO mode (ctrl + y to toggle)
  - 6 MCP servers (ctrl+t to view)
╭──────────────────────────────────────────────────────────────────────╮
│ *   Type your message or @path/to/file                               │
╰──────────────────────────────────────────────────────────────────────╯
gemini-cli (yifan*)

no sandbox (see /docs)

gemini-2.5-flash (100% context left)  | ✖ 4 errors (ctrl+o for details)

╭──────────────────────────────────────────────────────────────────────╮
│ A new version of Gemini CLI is available!                            │
│ 0.9.0-nightly.20251001.163dba7e → 0.10.0-nightly.20251015.996c9f59   │
│ Running from a local git clone. Please update with "git pull".       │
╰──────────────────────────────────────────────────────────────────────╯

⠼ Connecting to MCP servers... (4/6)

Using:
  - 2 GEMINI.md files                     YOLO mode (ctrl + y to toggle)
  - 6 MCP servers (ctrl+t to view)
╭──────────────────────────────────────────────────────────────────────╮
│ *   Type your message or @path/to/file                               │
╰──────────────────────────────────────────────────────────────────────╯
gemini-cli (yifan*)

no sandbox (see /docs)

gemini-2.5-flash (100% context left)  | ✖ 4 errors (ctrl+o for details)

╭──────────────────────────────────────────────────────────────────────╮
│ A new version of Gemini CLI is available!                            │
│ 0.9.0-nightly.20251001.163dba7e → 0.10.0-nightly.20251015.996c9f59   │
│ Running from a local git clone. Please update with "git pull".       │
╰──────────────────────────────────────────────────────────────────────╯

⠴ Connecting to MCP servers... (4/6)

Using:
  - 2 GEMINI.md files                     YOLO mode (ctrl + y to toggle)
  - 6 MCP servers (ctrl+t to view)
╭──────────────────────────────────────────────────────────────────────╮
│ *   Type your message or @path/to/file                               │
╰──────────────────────────────────────────────────────────────────────╯
gemini-cli (yifan*)

no sandbox (see /docs)

gemini-2.5-flash (100% context left)  | ✖ 4 errors (ctrl+o for details)

╭──────────────────────────────────────────────────────────────────────╮
│ A new version of Gemini CLI is available!                            │
│ 0.9.0-nightly.20251001.163dba7e → 0.10.0-nightly.20251015.996c9f59   │
│ Running from a local git clone. Please update with "git pull".       │
╰──────────────────────────────────────────────────────────────────────╯

⠦ Connecting to MCP servers... (4/6)

Using:
  - 2 GEMINI.md files                     YOLO mode (ctrl + y to toggle)
  - 6 MCP servers (ctrl+t to view)
╭──────────────────────────────────────────────────────────────────────╮
│ *   Type your message or @path/to/file                               │
╰──────────────────────────────────────────────────────────────────────╯
gemini-cli (yifan*)

no sandbox (see /docs)

gemini-2.5-flash (100% context left)  | ✖ 4 errors (ctrl+o for details)

╭──────────────────────────────────────────────────────────────────────╮
│ A new version of Gemini CLI is available!                            │
│ 0.9.0-nightly.20251001.163dba7e → 0.10.0-nightly.20251015.996c9f59   │
│ Running from a local git clone. Please update with "git pull".       │
╰──────────────────────────────────────────────────────────────────────╯

⠧ Connecting to MCP servers... (4/6)

Using:
  - 2 GEMINI.md files                     YOLO mode (ctrl + y to toggle)
  - 6 MCP servers (ctrl+t to view)
╭──────────────────────────────────────────────────────────────────────╮
│ *   Type your message or @path/to/file                               │
╰──────────────────────────────────────────────────────────────────────╯
gemini-cli (yifan*)

no sandbox (see /docs)

gemini-2.5-flash (100% context left)  | ✖ 4 errors (ctrl+o for details)

╭──────────────────────────────────────────────────────────────────────╮
│ A new version of Gemini CLI is available!                            │
│ 0.9.0-nightly.20251001.163dba7e → 0.10.0-nightly.20251015.996c9f59   │
│ Running from a local git clone. Please update with "git pull".       │
╰──────────────────────────────────────────────────────────────────────╯

⠇ Connecting to MCP servers... (4/6)

Using:
  - 2 GEMINI.md files                     YOLO mode (ctrl + y to toggle)
  - 6 MCP servers (ctrl+t to view)
╭──────────────────────────────────────────────────────────────────────╮
│ *   Type your message or @path/to/file                               │
╰──────────────────────────────────────────────────────────────────────╯
gemini-cli (yifan*)

no sandbox (see /docs)

gemini-2.5-flash (100% context left)  | ✖ 4 errors (ctrl+o for details)

╭──────────────────────────────────────────────────────────────────────╮
│ A new version of Gemini CLI is available!                            │
│ 0.9.0-nightly.20251001.163dba7e → 0.10.0-nightly.20251015.996c9f59   │
│ Running from a local git clone. Please update with "git pull".       │
╰──────────────────────────────────────────────────────────────────────╯

⠏ Connecting to MCP servers... (4/6)

Using:
  - 2 GEMINI.md files                     YOLO mode (ctrl + y to toggle)
  - 6 MCP servers (ctrl+t to view)
╭──────────────────────────────────────────────────────────────────────╮
│ *   Type your message or @path/to/file                               │
╰──────────────────────────────────────────────────────────────────────╯
gemini-cli (yifan*)

no sandbox (see /docs)

gemini-2.5-flash (100% context left)  | ✖ 4 errors (ctrl+o for details)

╭──────────────────────────────────────────────────────────────────────╮
│ A new version of Gemini CLI is available!                            │
│ 0.9.0-nightly.20251001.163dba7e → 0.10.0-nightly.20251015.996c9f59   │
│ Running from a local git clone. Please update with "git pull".       │
╰──────────────────────────────────────────────────────────────────────╯

⠋ Connecting to MCP servers... (4/6)

Using:
  - 2 GEMINI.md files                     YOLO mode (ctrl + y to toggle)
  - 6 MCP servers (ctrl+t to view)
╭──────────────────────────────────────────────────────────────────────╮
│ *   Type your message or @path/to/file                               │
╰──────────────────────────────────────────────────────────────────────╯
gemini-cli (yifan*)

no sandbox (see /docs)

gemini-2.5-flash (100% context left)  | ✖ 4 errors (ctrl+o for details)

╭──────────────────────────────────────────────────────────────────────╮
│ A new version of Gemini CLI is available!                            │
│ 0.9.0-nightly.20251001.163dba7e → 0.10.0-nightly.20251015.996c9f59   │
│ Running from a local git clone. Please update with "git pull".       │
╰──────────────────────────────────────────────────────────────────────╯

⠙ Connecting to MCP servers... (4/6)

Using:
  - 2 GEMINI.md files                     YOLO mode (ctrl + y to toggle)
  - 6 MCP servers (ctrl+t to view)
╭──────────────────────────────────────────────────────────────────────╮
│ *   Type your message or @path/to/file                               │
╰──────────────────────────────────────────────────────────────────────╯
gemini-cli (yifan*)

no sandbox (see /docs)

gemini-2.5-flash (100% context left)  | ✖ 4 errors (ctrl+o for details)

╭──────────────────────────────────────────────────────────────────────╮
│ A new version of Gemini CLI is available!                            │
│ 0.9.0-nightly.20251001.163dba7e → 0.10.0-nightly.20251015.996c9f59   │
│ Running from a local git clone. Please update with "git pull".       │
╰──────────────────────────────────────────────────────────────────────╯

⠹ Connecting to MCP servers... (4/6)

Using:
  - 2 GEMINI.md files                     YOLO mode (ctrl + y to toggle)
  - 6 MCP servers (ctrl+t to view)
╭──────────────────────────────────────────────────────────────────────╮
│ *   Type your message or @path/to/file                               │
╰──────────────────────────────────────────────────────────────────────╯
gemini-cli (yifan*)

no sandbox (see /docs)

gemini-2.5-flash (100% context left)  | ✖ 4 errors (ctrl+o for details)

╭──────────────────────────────────────────────────────────────────────╮
│ A new version of Gemini CLI is available!                            │
│ 0.9.0-nightly.20251001.163dba7e → 0.10.0-nightly.20251015.996c9f59   │
│ Running from a local git clone. Please update with "git pull".       │
╰──────────────────────────────────────────────────────────────────────╯

⠹ Connecting to MCP servers... (5/6)

Using:
  - 2 GEMINI.md files                     YOLO mode (ctrl + y to toggle)
  - 6 MCP servers (ctrl+t to view)
╭──────────────────────────────────────────────────────────────────────╮
│ *   Type your message or @path/to/file                               │
╰──────────────────────────────────────────────────────────────────────╯
gemini-cli (yifan*)

no sandbox (see /docs)

gemini-2.5-flash (100% context left)  | ✖ 4 errors (ctrl+o for details)

╭──────────────────────────────────────────────────────────────────────╮
│ A new version of Gemini CLI is available!                            │
│ 0.9.0-nightly.20251001.163dba7e → 0.10.0-nightly.20251015.996c9f59   │
│ Running from a local git clone. Please update with "git pull".       │
╰──────────────────────────────────────────────────────────────────────╯

⠸ Connecting to MCP servers... (5/6)

Using:
  - 2 GEMINI.md files                     YOLO mode (ctrl + y to toggle)
  - 6 MCP servers (ctrl+t to view)
╭──────────────────────────────────────────────────────────────────────╮
│ *   Type your message or @path/to/file                               │
╰──────────────────────────────────────────────────────────────────────╯
gemini-cli (yifan*)

no sandbox (see /docs)

gemini-2.5-flash (100% context left)  | ✖ 4 errors (ctrl+o for details)

╭──────────────────────────────────────────────────────────────────────╮
│ A new version of Gemini CLI is available!                            │
│ 0.9.0-nightly.20251001.163dba7e → 0.10.0-nightly.20251015.996c9f59   │
│ Running from a local git clone. Please update with "git pull".       │
╰──────────────────────────────────────────────────────────────────────╯

⠼ Connecting to MCP servers... (5/6)

Using:
  - 2 GEMINI.md files                     YOLO mode (ctrl + y to toggle)
  - 6 MCP servers (ctrl+t to view)
╭──────────────────────────────────────────────────────────────────────╮
│ *   Type your message or @path/to/file                               │
╰──────────────────────────────────────────────────────────────────────╯
gemini-cli (yifan*)

no sandbox (see /docs)

gemini-2.5-flash (100% context left)  | ✖ 4 errors (ctrl+o for details)

╭──────────────────────────────────────────────────────────────────────╮
│ A new version of Gemini CLI is available!                            │
│ 0.9.0-nightly.20251001.163dba7e → 0.10.0-nightly.20251015.996c9f59   │
│ Running from a local git clone. Please update with "git pull".       │
╰──────────────────────────────────────────────────────────────────────╯

⠴ Connecting to MCP servers... (5/6)

Using:
  - 2 GEMINI.md files                     YOLO mode (ctrl + y to toggle)
  - 6 MCP servers (ctrl+t to view)
╭──────────────────────────────────────────────────────────────────────╮
│ *   Type your message or @path/to/file                               │
╰──────────────────────────────────────────────────────────────────────╯
gemini-cli (yifan*)

no sandbox (see /docs)

gemini-2.5-flash (100% context left)  | ✖ 4 errors (ctrl+o for details)

╭──────────────────────────────────────────────────────────────────────╮
│ A new version of Gemini CLI is available!                            │
│ 0.9.0-nightly.20251001.163dba7e → 0.10.0-nightly.20251015.996c9f59   │
│ Running from a local git clone. Please update with "git pull".       │
╰──────────────────────────────────────────────────────────────────────╯

⠦ Connecting to MCP servers... (5/6)

Using:
  - 2 GEMINI.md files                     YOLO mode (ctrl + y to toggle)
  - 6 MCP servers (ctrl+t to view)
╭──────────────────────────────────────────────────────────────────────╮
│ *   Type your message or @path/to/file                               │
╰──────────────────────────────────────────────────────────────────────╯
gemini-cli (yifan*)

no sandbox (see /docs)

gemini-2.5-flash (100% context left)  | ✖ 4 errors (ctrl+o for details)

╭──────────────────────────────────────────────────────────────────────╮
│ A new version of Gemini CLI is available!                            │
│ 0.9.0-nightly.20251001.163dba7e → 0.10.0-nightly.20251015.996c9f59   │
│ Running from a local git clone. Please update with "git pull".       │
╰──────────────────────────────────────────────────────────────────────╯

⠧ Connecting to MCP servers... (5/6)

Using:
  - 2 GEMINI.md files                     YOLO mode (ctrl + y to toggle)
  - 6 MCP servers (ctrl+t to view)
╭──────────────────────────────────────────────────────────────────────╮
│ *   Type your message or @path/to/file                               │
╰──────────────────────────────────────────────────────────────────────╯
gemini-cli (yifan*)

no sandbox (see /docs)

gemini-2.5-flash (100% context left)  | ✖ 4 errors (ctrl+o for details)

╭──────────────────────────────────────────────────────────────────────╮
│ A new version of Gemini CLI is available!                            │
│ 0.9.0-nightly.20251001.163dba7e → 0.10.0-nightly.20251015.996c9f59   │
│ Running from a local git clone. Please update with "git pull".       │
╰──────────────────────────────────────────────────────────────────────╯

⠇ Connecting to MCP servers... (5/6)

Using:
  - 2 GEMINI.md files                     YOLO mode (ctrl + y to toggle)
  - 6 MCP servers (ctrl+t to view)
╭──────────────────────────────────────────────────────────────────────╮
│ *   Type your message or @path/to/file                               │
╰──────────────────────────────────────────────────────────────────────╯
gemini-cli (yifan*)

no sandbox (see /docs)

gemini-2.5-flash (100% context left)  | ✖ 4 errors (ctrl+o for details)

╭──────────────────────────────────────────────────────────────────────╮
│ A new version of Gemini CLI is available!                            │
│ 0.9.0-nightly.20251001.163dba7e → 0.10.0-nightly.20251015.996c9f59   │
│ Running from a local git clone. Please update with "git pull".       │
╰──────────────────────────────────────────────────────────────────────╯

⠏ Connecting to MCP servers... (5/6)

Using:
  - 2 GEMINI.md files                     YOLO mode (ctrl + y to toggle)
  - 6 MCP servers (ctrl+t to view)
╭──────────────────────────────────────────────────────────────────────╮
│ *   Type your message or @path/to/file                               │
╰──────────────────────────────────────────────────────────────────────╯
gemini-cli (yifan*)

no sandbox (see /docs)

gemini-2.5-flash (100% context left)  | ✖ 4 errors (ctrl+o for details)

╭──────────────────────────────────────────────────────────────────────╮
│ A new version of Gemini CLI is available!                            │
│ 0.9.0-nightly.20251001.163dba7e → 0.10.0-nightly.20251015.996c9f59   │
│ Running from a local git clone. Please update with "git pull".       │
╰──────────────────────────────────────────────────────────────────────╯

⠋ Connecting to MCP servers... (5/6)

Using:
  - 2 GEMINI.md files                     YOLO mode (ctrl + y to toggle)
  - 6 MCP servers (ctrl+t to view)
╭──────────────────────────────────────────────────────────────────────╮
│ *   Type your message or @path/to/file                               │
╰──────────────────────────────────────────────────────────────────────╯
gemini-cli (yifan*)

no sandbox (see /docs)

gemini-2.5-flash (100% context left)  | ✖ 4 errors (ctrl+o for details)

╭──────────────────────────────────────────────────────────────────────╮
│ A new version of Gemini CLI is available!                            │
│ 0.9.0-nightly.20251001.163dba7e → 0.10.0-nightly.20251015.996c9f59   │
│ Running from a local git clone. Please update with "git pull".       │
╰──────────────────────────────────────────────────────────────────────╯

⠙ Connecting to MCP servers... (5/6)

Using:
  - 2 GEMINI.md files                     YOLO mode (ctrl + y to toggle)
  - 6 MCP servers (ctrl+t to view)
╭──────────────────────────────────────────────────────────────────────╮
│ *   Type your message or @path/to/file                               │
╰──────────────────────────────────────────────────────────────────────╯
gemini-cli (yifan*)

no sandbox (see /docs)

gemini-2.5-flash (100% context left)  | ✖ 4 errors (ctrl+o for details)

╭──────────────────────────────────────────────────────────────────────╮
│ A new version of Gemini CLI is available!                            │
│ 0.9.0-nightly.20251001.163dba7e → 0.10.0-nightly.20251015.996c9f59   │
│ Running from a local git clone. Please update with "git pull".       │
╰──────────────────────────────────────────────────────────────────────╯

⠹ Connecting to MCP servers... (5/6)

Using:
  - 2 GEMINI.md files                     YOLO mode (ctrl + y to toggle)
  - 6 MCP servers (ctrl+t to view)
╭──────────────────────────────────────────────────────────────────────╮
│ *   Type your message or @path/to/file                               │
╰──────────────────────────────────────────────────────────────────────╯
gemini-cli (yifan*)

no sandbox (see /docs)

gemini-2.5-flash (100% context left)  | ✖ 4 errors (ctrl+o for details)

╭──────────────────────────────────────────────────────────────────────╮
│ A new version of Gemini CLI is available!                            │
│ 0.9.0-nightly.20251001.163dba7e → 0.10.0-nightly.20251015.996c9f59   │
│ Running from a local git clone. Please update with "git pull".       │
╰──────────────────────────────────────────────────────────────────────╯

⠸ Connecting to MCP servers... (5/6)

Using:
  - 2 GEMINI.md files                     YOLO mode (ctrl + y to toggle)
  - 6 MCP servers (ctrl+t to view)
╭──────────────────────────────────────────────────────────────────────╮
│ *   Type your message or @path/to/file                               │
╰──────────────────────────────────────────────────────────────────────╯
gemini-cli (yifan*)

no sandbox (see /docs)

gemini-2.5-flash (100% context left)  | ✖ 4 errors (ctrl+o for details)

╭──────────────────────────────────────────────────────────────────────╮
│ A new version of Gemini CLI is available!                            │
│ 0.9.0-nightly.20251001.163dba7e → 0.10.0-nightly.20251015.996c9f59   │
│ Running from a local git clone. Please update with "git pull".       │
╰──────────────────────────────────────────────────────────────────────╯

⠼ Connecting to MCP servers... (5/6)

Using:
  - 2 GEMINI.md files                     YOLO mode (ctrl + y to toggle)
  - 6 MCP servers (ctrl+t to view)
╭──────────────────────────────────────────────────────────────────────╮
│ *   Type your message or @path/to/file                               │
╰──────────────────────────────────────────────────────────────────────╯
gemini-cli (yifan*)

no sandbox (see /docs)

gemini-2.5-flash (100% context left)  | ✖ 4 errors (ctrl+o for details)

╭──────────────────────────────────────────────────────────────────────╮
│ A new version of Gemini CLI is available!                            │
│ 0.9.0-nightly.20251001.163dba7e → 0.10.0-nightly.20251015.996c9f59   │
│ Running from a local git clone. Please update with "git pull".       │
╰──────────────────────────────────────────────────────────────────────╯

⠴ Connecting to MCP servers... (5/6)

Using:
  - 2 GEMINI.md files                     YOLO mode (ctrl + y to toggle)
  - 6 MCP servers (ctrl+t to view)
╭──────────────────────────────────────────────────────────────────────╮
│ *   Type your message or @path/to/file                               │
╰──────────────────────────────────────────────────────────────────────╯
gemini-cli (yifan*)

no sandbox (see /docs)

gemini-2.5-flash (100% context left)  | ✖ 4 errors (ctrl+o for details)

╭──────────────────────────────────────────────────────────────────────╮
│ A new version of Gemini CLI is available!                            │
│ 0.9.0-nightly.20251001.163dba7e → 0.10.0-nightly.20251015.996c9f59   │
│ Running from a local git clone. Please update with "git pull".       │
╰──────────────────────────────────────────────────────────────────────╯

⠦ Connecting to MCP servers... (5/6)

Using:
  - 2 GEMINI.md files                     YOLO mode (ctrl + y to toggle)
  - 6 MCP servers (ctrl+t to view)
╭──────────────────────────────────────────────────────────────────────╮
│ *   Type your message or @path/to/file                               │
╰──────────────────────────────────────────────────────────────────────╯
gemini-cli (yifan*)

no sandbox (see /docs)

gemini-2.5-flash (100% context left)  | ✖ 4 errors (ctrl+o for details)

╭──────────────────────────────────────────────────────────────────────╮
│ A new version of Gemini CLI is available!                            │
│ 0.9.0-nightly.20251001.163dba7e → 0.10.0-nightly.20251015.996c9f59   │
│ Running from a local git clone. Please update with "git pull".       │
╰──────────────────────────────────────────────────────────────────────╯

⠧ Connecting to MCP servers... (5/6)

Using:
  - 2 GEMINI.md files                     YOLO mode (ctrl + y to toggle)
  - 6 MCP servers (ctrl+t to view)
╭──────────────────────────────────────────────────────────────────────╮
│ *   Type your message or @path/to/file                               │
╰──────────────────────────────────────────────────────────────────────╯
gemini-cli (yifan*)

no sandbox (see /docs)

gemini-2.5-flash (100% context left)  | ✖ 4 errors (ctrl+o for details)

╭──────────────────────────────────────────────────────────────────────╮
│ A new version of Gemini CLI is available!                            │
│ 0.9.0-nightly.20251001.163dba7e → 0.10.0-nightly.20251015.996c9f59   │
│ Running from a local git clone. Please update with "git pull".       │
╰──────────────────────────────────────────────────────────────────────╯

⠇ Connecting to MCP servers... (5/6)

Using:
  - 2 GEMINI.md files                     YOLO mode (ctrl + y to toggle)
  - 6 MCP servers (ctrl+t to view)
╭──────────────────────────────────────────────────────────────────────╮
│ *   Type your message or @path/to/file                               │
╰──────────────────────────────────────────────────────────────────────╯
gemini-cli (yifan*)

no sandbox (see /docs)

gemini-2.5-flash (100% context left)  | ✖ 4 errors (ctrl+o for details)

╭──────────────────────────────────────────────────────────────────────╮
│ A new version of Gemini CLI is available!                            │
│ 0.9.0-nightly.20251001.163dba7e → 0.10.0-nightly.20251015.996c9f59   │
│ Running from a local git clone. Please update with "git pull".       │
╰──────────────────────────────────────────────────────────────────────╯

⠏ Connecting to MCP servers... (5/6)

Using:
  - 2 GEMINI.md files                     YOLO mode (ctrl + y to toggle)
  - 6 MCP servers (ctrl+t to view)
╭──────────────────────────────────────────────────────────────────────╮
│ *   Type your message or @path/to/file                               │
╰──────────────────────────────────────────────────────────────────────╯
gemini-cli (yifan*)

no sandbox (see /docs)

gemini-2.5-flash (100% context left)  | ✖ 4 errors (ctrl+o for details)

╭──────────────────────────────────────────────────────────────────────╮
│ A new version of Gemini CLI is available!                            │
│ 0.9.0-nightly.20251001.163dba7e → 0.10.0-nightly.20251015.996c9f59   │
│ Running from a local git clone. Please update with "git pull".       │
╰──────────────────────────────────────────────────────────────────────╯

⠋ Connecting to MCP servers... (5/6)

Using:
  - 2 GEMINI.md files                     YOLO mode (ctrl + y to toggle)
  - 6 MCP servers (ctrl+t to view)
╭──────────────────────────────────────────────────────────────────────╮
│ *   Type your message or @path/to/file                               │
╰──────────────────────────────────────────────────────────────────────╯
gemini-cli (yifan*)

no sandbox (see /docs)

gemini-2.5-flash (100% context left)  | ✖ 4 errors (ctrl+o for details)

╭──────────────────────────────────────────────────────────────────────╮
│ A new version of Gemini CLI is available!                            │
│ 0.9.0-nightly.20251001.163dba7e → 0.10.0-nightly.20251015.996c9f59   │
│ Running from a local git clone. Please update with "git pull".       │
╰──────────────────────────────────────────────────────────────────────╯

⠙ Connecting to MCP servers... (5/6)

Using:
  - 2 GEMINI.md files                     YOLO mode (ctrl + y to toggle)
  - 6 MCP servers (ctrl+t to view)
╭──────────────────────────────────────────────────────────────────────╮
│ *   Type your message or @path/to/file                               │
╰──────────────────────────────────────────────────────────────────────╯
gemini-cli (yifan*)

no sandbox (see /docs)

gemini-2.5-flash (100% context left)  | ✖ 4 errors (ctrl+o for details)

╭──────────────────────────────────────────────────────────────────────╮
│ A new version of Gemini CLI is available!                            │
│ 0.9.0-nightly.20251001.163dba7e → 0.10.0-nightly.20251015.996c9f59   │
│ Running from a local git clone. Please update with "git pull".       │
╰──────────────────────────────────────────────────────────────────────╯

⠹ Connecting to MCP servers... (5/6)

Using:
  - 2 GEMINI.md files                     YOLO mode (ctrl + y to toggle)
  - 6 MCP servers (ctrl+t to view)
╭──────────────────────────────────────────────────────────────────────╮
│ *   Type your message or @path/to/file                               │
╰──────────────────────────────────────────────────────────────────────╯
gemini-cli (yifan*)

no sandbox (see /docs)

gemini-2.5-flash (100% context left)  | ✖ 4 errors (ctrl+o for details)

╭──────────────────────────────────────────────────────────────────────╮
│ A new version of Gemini CLI is available!                            │
│ 0.9.0-nightly.20251001.163dba7e → 0.10.0-nightly.20251015.996c9f59   │
│ Running from a local git clone. Please update with "git pull".       │
╰──────────────────────────────────────────────────────────────────────╯

⠸ Connecting to MCP servers... (5/6)

Using:
  - 2 GEMINI.md files                     YOLO mode (ctrl + y to toggle)
  - 6 MCP servers (ctrl+t to view)
╭──────────────────────────────────────────────────────────────────────╮
│ *   Type your message or @path/to/file                               │
╰──────────────────────────────────────────────────────────────────────╯
gemini-cli (yifan*)

no sandbox (see /docs)

gemini-2.5-flash (100% context left)  | ✖ 4 errors (ctrl+o for details)

╭──────────────────────────────────────────────────────────────────────╮
│ A new version of Gemini CLI is available!                            │
│ 0.9.0-nightly.20251001.163dba7e → 0.10.0-nightly.20251015.996c9f59   │
│ Running from a local git clone. Please update with "git pull".       │
╰──────────────────────────────────────────────────────────────────────╯

⠼ Connecting to MCP servers... (5/6)

Using:
  - 2 GEMINI.md files                     YOLO mode (ctrl + y to toggle)
  - 6 MCP servers (ctrl+t to view)
╭──────────────────────────────────────────────────────────────────────╮
│ *   Type your message or @path/to/file                               │
╰──────────────────────────────────────────────────────────────────────╯
gemini-cli (yifan*)

no sandbox (see /docs)

gemini-2.5-flash (100% context left)  | ✖ 4 errors (ctrl+o for details)

╭──────────────────────────────────────────────────────────────────────╮
│ A new version of Gemini CLI is available!                            │
│ 0.9.0-nightly.20251001.163dba7e → 0.10.0-nightly.20251015.996c9f59   │
│ Running from a local git clone. Please update with "git pull".       │
╰──────────────────────────────────────────────────────────────────────╯

⠴ Connecting to MCP servers... (5/6)

Using:
  - 2 GEMINI.md files                     YOLO mode (ctrl + y to toggle)
  - 6 MCP servers (ctrl+t to view)
╭──────────────────────────────────────────────────────────────────────╮
│ *   Type your message or @path/to/file                               │
╰──────────────────────────────────────────────────────────────────────╯
gemini-cli (yifan*)

no sandbox (see /docs)

gemini-2.5-flash (100% context left)  | ✖ 4 errors (ctrl+o for details)

╭──────────────────────────────────────────────────────────────────────╮
│ A new version of Gemini CLI is available!                            │
│ 0.9.0-nightly.20251001.163dba7e → 0.10.0-nightly.20251015.996c9f59   │
│ Running from a local git clone. Please update with "git pull".       │
╰──────────────────────────────────────────────────────────────────────╯

⠦ Connecting to MCP servers... (5/6)

Using:
  - 2 GEMINI.md files                     YOLO mode (ctrl + y to toggle)
  - 6 MCP servers (ctrl+t to view)
╭──────────────────────────────────────────────────────────────────────╮
│ *   Type your message or @path/to/file                               │
╰──────────────────────────────────────────────────────────────────────╯
gemini-cli (yifan*)

no sandbox (see /docs)

gemini-2.5-flash (100% context left)  | ✖ 4 errors (ctrl+o for details)

╭──────────────────────────────────────────────────────────────────────╮
│ A new version of Gemini CLI is available!                            │
│ 0.9.0-nightly.20251001.163dba7e → 0.10.0-nightly.20251015.996c9f59   │
│ Running from a local git clone. Please update with "git pull".       │
╰──────────────────────────────────────────────────────────────────────╯

⠧ Connecting to MCP servers... (5/6)

Using:
  - 2 GEMINI.md files                     YOLO mode (ctrl + y to toggle)
  - 6 MCP servers (ctrl+t to view)
╭──────────────────────────────────────────────────────────────────────╮
│ *   Type your message or @path/to/file                               │
╰──────────────────────────────────────────────────────────────────────╯
gemini-cli (yifan*)

no sandbox (see /docs)

gemini-2.5-flash (100% context left)  | ✖ 4 errors (ctrl+o for details)

╭──────────────────────────────────────────────────────────────────────╮
│ A new version of Gemini CLI is available!                            │
│ 0.9.0-nightly.20251001.163dba7e → 0.10.0-nightly.20251015.996c9f59   │
│ Running from a local git clone. Please update with "git pull".       │
╰──────────────────────────────────────────────────────────────────────╯

⠇ Connecting to MCP servers... (5/6)

Using:
  - 2 GEMINI.md files                     YOLO mode (ctrl + y to toggle)
  - 6 MCP servers (ctrl+t to view)
╭──────────────────────────────────────────────────────────────────────╮
│ *   Type your message or @path/to/file                               │
╰──────────────────────────────────────────────────────────────────────╯
gemini-cli (yifan*)

no sandbox (see /docs)

gemini-2.5-flash (100% context left)  | ✖ 4 errors (ctrl+o for details)

╭──────────────────────────────────────────────────────────────────────╮
│ A new version of Gemini CLI is available!                            │
│ 0.9.0-nightly.20251001.163dba7e → 0.10.0-nightly.20251015.996c9f59   │
│ Running from a local git clone. Please update with "git pull".       │
╰──────────────────────────────────────────────────────────────────────╯

⠏ Connecting to MCP servers... (5/6)

Using:
  - 2 GEMINI.md files                     YOLO mode (ctrl + y to toggle)
  - 6 MCP servers (ctrl+t to view)
╭──────────────────────────────────────────────────────────────────────╮
│ *   Type your message or @path/to/file                               │
╰──────────────────────────────────────────────────────────────────────╯
gemini-cli (yifan*)

no sandbox (see /docs)

gemini-2.5-flash (100% context left)  | ✖ 4 errors (ctrl+o for details)

╭──────────────────────────────────────────────────────────────────────╮
│ A new version of Gemini CLI is available!                            │
│ 0.9.0-nightly.20251001.163dba7e → 0.10.0-nightly.20251015.996c9f59   │
│ Running from a local git clone. Please update with "git pull".       │
╰──────────────────────────────────────────────────────────────────────╯

⠋ Connecting to MCP servers... (5/6)

Using:
  - 2 GEMINI.md files                     YOLO mode (ctrl + y to toggle)
  - 6 MCP servers (ctrl+t to view)
╭──────────────────────────────────────────────────────────────────────╮
│ *   Type your message or @path/to/file                               │
╰──────────────────────────────────────────────────────────────────────╯
gemini-cli (yifan*)

no sandbox (see /docs)

gemini-2.5-flash (100% context left)  | ✖ 4 errors (ctrl+o for details)

╭──────────────────────────────────────────────────────────────────────╮
│ A new version of Gemini CLI is available!                            │
│ 0.9.0-nightly.20251001.163dba7e → 0.10.0-nightly.20251015.996c9f59   │
│ Running from a local git clone. Please update with "git pull".       │
╰──────────────────────────────────────────────────────────────────────╯

⠙ Connecting to MCP servers... (5/6)

Using:
  - 2 GEMINI.md files                     YOLO mode (ctrl + y to toggle)
  - 6 MCP servers (ctrl+t to view)
╭──────────────────────────────────────────────────────────────────────╮
│ *   Type your message or @path/to/file                               │
╰──────────────────────────────────────────────────────────────────────╯
gemini-cli (yifan*)

no sandbox (see /docs)

gemini-2.5-flash (100% context left)  | ✖ 4 errors (ctrl+o for details)

╭──────────────────────────────────────────────────────────────────────╮
│ A new version of Gemini CLI is available!                            │
│ 0.9.0-nightly.20251001.163dba7e → 0.10.0-nightly.20251015.996c9f59   │
│ Running from a local git clone. Please update with "git pull".       │
╰──────────────────────────────────────────────────────────────────────╯

⠹ Connecting to MCP servers... (5/6)

Using:
  - 2 GEMINI.md files                     YOLO mode (ctrl + y to toggle)
  - 6 MCP servers (ctrl+t to view)
╭──────────────────────────────────────────────────────────────────────╮
│ *   Type your message or @path/to/file                               │
╰──────────────────────────────────────────────────────────────────────╯
gemini-cli (yifan*)

no sandbox (see /docs)

gemini-2.5-flash (100% context left)  | ✖ 4 errors (ctrl+o for details)

╭──────────────────────────────────────────────────────────────────────╮
│ A new version of Gemini CLI is available!                            │
│ 0.9.0-nightly.20251001.163dba7e → 0.10.0-nightly.20251015.996c9f59   │
│ Running from a local git clone. Please update with "git pull".       │
╰──────────────────────────────────────────────────────────────────────╯

⠸ Connecting to MCP servers... (5/6)

Using:
  - 2 GEMINI.md files                     YOLO mode (ctrl + y to toggle)
  - 6 MCP servers (ctrl+t to view)
╭──────────────────────────────────────────────────────────────────────╮
│ *   Type your message or @path/to/file                               │
╰──────────────────────────────────────────────────────────────────────╯
gemini-cli (yifan*)

no sandbox (see /docs)

gemini-2.5-flash (100% context left)  | ✖ 4 errors (ctrl+o for details)

╭──────────────────────────────────────────────────────────────────────╮
│ A new version of Gemini CLI is available!                            │
│ 0.9.0-nightly.20251001.163dba7e → 0.10.0-nightly.20251015.996c9f59   │
│ Running from a local git clone. Please update with "git pull".       │
╰──────────────────────────────────────────────────────────────────────╯

⠼ Connecting to MCP servers... (5/6)

Using:
  - 2 GEMINI.md files                     YOLO mode (ctrl + y to toggle)
  - 6 MCP servers (ctrl+t to view)
╭──────────────────────────────────────────────────────────────────────╮
│ *   Type your message or @path/to/file                               │
╰──────────────────────────────────────────────────────────────────────╯
gemini-cli (yifan*)

no sandbox (see /docs)

gemini-2.5-flash (100% context left)  | ✖ 4 errors (ctrl+o for details)

╭──────────────────────────────────────────────────────────────────────╮
│ A new version of Gemini CLI is available!                            │
│ 0.9.0-nightly.20251001.163dba7e → 0.10.0-nightly.20251015.996c9f59   │
│ Running from a local git clone. Please update with "git pull".       │
╰──────────────────────────────────────────────────────────────────────╯

⠴ Connecting to MCP servers... (5/6)

Using:
  - 2 GEMINI.md files                     YOLO mode (ctrl + y to toggle)
  - 6 MCP servers (ctrl+t to view)
╭──────────────────────────────────────────────────────────────────────╮
│ *   Type your message or @path/to/file                               │
╰──────────────────────────────────────────────────────────────────────╯
gemini-cli (yifan*)

no sandbox (see /docs)

gemini-2.5-flash (100% context left)  | ✖ 4 errors (ctrl+o for details)

╭──────────────────────────────────────────────────────────────────────╮
│ A new version of Gemini CLI is available!                            │
│ 0.9.0-nightly.20251001.163dba7e → 0.10.0-nightly.20251015.996c9f59   │
│ Running from a local git clone. Please update with "git pull".       │
╰──────────────────────────────────────────────────────────────────────╯

⠦ Connecting to MCP servers... (5/6)

Using:
  - 2 GEMINI.md files                     YOLO mode (ctrl + y to toggle)
  - 6 MCP servers (ctrl+t to view)
╭──────────────────────────────────────────────────────────────────────╮
│ *   Type your message or @path/to/file                               │
╰──────────────────────────────────────────────────────────────────────╯
gemini-cli (yifan*)

no sandbox (see /docs)

gemini-2.5-flash (100% context left)  | ✖ 4 errors (ctrl+o for details)

╭──────────────────────────────────────────────────────────────────────╮
│ A new version of Gemini CLI is available!                            │
│ 0.9.0-nightly.20251001.163dba7e → 0.10.0-nightly.20251015.996c9f59   │
│ Running from a local git clone. Please update with "git pull".       │
╰──────────────────────────────────────────────────────────────────────╯

⠧ Connecting to MCP servers... (5/6)

Using:
  - 2 GEMINI.md files                     YOLO mode (ctrl + y to toggle)
  - 6 MCP servers (ctrl+t to view)
╭──────────────────────────────────────────────────────────────────────╮
│ *   Type your message or @path/to/file                               │
╰──────────────────────────────────────────────────────────────────────╯
gemini-cli (yifan*)

no sandbox (see /docs)

gemini-2.5-flash (100% context left)  | ✖ 4 errors (ctrl+o for details)

╭──────────────────────────────────────────────────────────────────────╮
│ A new version of Gemini CLI is available!                            │
│ 0.9.0-nightly.20251001.163dba7e → 0.10.0-nightly.20251015.996c9f59   │
│ Running from a local git clone. Please update with "git pull".       │
╰──────────────────────────────────────────────────────────────────────╯

⠇ Connecting to MCP servers... (5/6)

Using:
  - 2 GEMINI.md files                     YOLO mode (ctrl + y to toggle)
  - 6 MCP servers (ctrl+t to view)
╭──────────────────────────────────────────────────────────────────────╮
│ *   Type your message or @path/to/file                               │
╰──────────────────────────────────────────────────────────────────────╯
gemini-cli (yifan*)

no sandbox (see /docs)

gemini-2.5-flash (100% context left)  | ✖ 4 errors (ctrl+o for details)

╭──────────────────────────────────────────────────────────────────────╮
│ A new version of Gemini CLI is available!                            │
│ 0.9.0-nightly.20251001.163dba7e → 0.10.0-nightly.20251015.996c9f59   │
│ Running from a local git clone. Please update with "git pull".       │
╰──────────────────────────────────────────────────────────────────────╯

⠏ Connecting to MCP servers... (5/6)

Using:
  - 2 GEMINI.md files                     YOLO mode (ctrl + y to toggle)
  - 6 MCP servers (ctrl+t to view)
╭──────────────────────────────────────────────────────────────────────╮
│ *   Type your message or @path/to/file                               │
╰──────────────────────────────────────────────────────────────────────╯
gemini-cli (yifan*)

no sandbox (see /docs)

gemini-2.5-flash (100% context left)  | ✖ 4 errors (ctrl+o for details)

╭──────────────────────────────────────────────────────────────────────╮
│ A new version of Gemini CLI is available!                            │
│ 0.9.0-nightly.20251001.163dba7e → 0.10.0-nightly.20251015.996c9f59   │
│ Running from a local git clone. Please update with "git pull".       │
╰──────────────────────────────────────────────────────────────────────╯

⠋ Connecting to MCP servers... (5/6)

Using:
  - 2 GEMINI.md files                     YOLO mode (ctrl + y to toggle)
  - 6 MCP servers (ctrl+t to view)
╭──────────────────────────────────────────────────────────────────────╮
│ *   Type your message or @path/to/file                               │
╰──────────────────────────────────────────────────────────────────────╯
gemini-cli (yifan*)

no sandbox (see /docs)

gemini-2.5-flash (100% context left)  | ✖ 4 errors (ctrl+o for details)

╭──────────────────────────────────────────────────────────────────────╮
│ A new version of Gemini CLI is available!                            │
│ 0.9.0-nightly.20251001.163dba7e → 0.10.0-nightly.20251015.996c9f59   │
│ Running from a local git clone. Please update with "git pull".       │
╰──────────────────────────────────────────────────────────────────────╯

⠙ Connecting to MCP servers... (5/6)

Using:
  - 2 GEMINI.md files                     YOLO mode (ctrl + y to toggle)
  - 6 MCP servers (ctrl+t to view)
╭──────────────────────────────────────────────────────────────────────╮
│ *   Type your message or @path/to/file                               │
╰──────────────────────────────────────────────────────────────────────╯
gemini-cli (yifan*)

no sandbox (see /docs)

gemini-2.5-flash (100% context left)  | ✖ 4 errors (ctrl+o for details)

╭──────────────────────────────────────────────────────────────────────╮
│ A new version of Gemini CLI is available!                            │
│ 0.9.0-nightly.20251001.163dba7e → 0.10.0-nightly.20251015.996c9f59   │
│ Running from a local git clone. Please update with "git pull".       │
╰──────────────────────────────────────────────────────────────────────╯

⠹ Connecting to MCP servers... (5/6)

Using:
  - 2 GEMINI.md files                     YOLO mode (ctrl + y to toggle)
  - 6 MCP servers (ctrl+t to view)
╭──────────────────────────────────────────────────────────────────────╮
│ *   Type your message or @path/to/file                               │
╰──────────────────────────────────────────────────────────────────────╯
gemini-cli (yifan*)

no sandbox (see /docs)

gemini-2.5-flash (100% context left)  | ✖ 4 errors (ctrl+o for details)

╭──────────────────────────────────────────────────────────────────────╮
│ A new version of Gemini CLI is available!                            │
│ 0.9.0-nightly.20251001.163dba7e → 0.10.0-nightly.20251015.996c9f59   │
│ Running from a local git clone. Please update with "git pull".       │
╰──────────────────────────────────────────────────────────────────────╯

⠸ Connecting to MCP servers... (5/6)

Using:
  - 2 GEMINI.md files                     YOLO mode (ctrl + y to toggle)
  - 6 MCP servers (ctrl+t to view)
╭──────────────────────────────────────────────────────────────────────╮
│ *   Type your message or @path/to/file                               │
╰──────────────────────────────────────────────────────────────────────╯
gemini-cli (yifan*)

no sandbox (see /docs)

gemini-2.5-flash (100% context left)  | ✖ 4 errors (ctrl+o for details)

╭──────────────────────────────────────────────────────────────────────╮
│ A new version of Gemini CLI is available!                            │
│ 0.9.0-nightly.20251001.163dba7e → 0.10.0-nightly.20251015.996c9f59   │
│ Running from a local git clone. Please update with "git pull".       │
╰──────────────────────────────────────────────────────────────────────╯

⠼ Connecting to MCP servers... (5/6)

Using:
  - 2 GEMINI.md files                     YOLO mode (ctrl + y to toggle)
  - 6 MCP servers (ctrl+t to view)
╭──────────────────────────────────────────────────────────────────────╮
│ *   Type your message or @path/to/file                               │
╰──────────────────────────────────────────────────────────────────────╯
gemini-cli (yifan*)

no sandbox (see /docs)

gemini-2.5-flash (100% context left)  | ✖ 4 errors (ctrl+o for details)

╭──────────────────────────────────────────────────────────────────────╮
│ A new version of Gemini CLI is available!                            │
│ 0.9.0-nightly.20251001.163dba7e → 0.10.0-nightly.20251015.996c9f59   │
│ Running from a local git clone. Please update with "git pull".       │
╰──────────────────────────────────────────────────────────────────────╯

⠴ Connecting to MCP servers... (5/6)

Using:
  - 2 GEMINI.md files                     YOLO mode (ctrl + y to toggle)
  - 6 MCP servers (ctrl+t to view)
╭──────────────────────────────────────────────────────────────────────╮
│ *   Type your message or @path/to/file                               │
╰──────────────────────────────────────────────────────────────────────╯
gemini-cli (yifan*)

no sandbox (see /docs)

gemini-2.5-flash (100% context left)  | ✖ 4 errors (ctrl+o for details)

╭──────────────────────────────────────────────────────────────────────╮
│ A new version of Gemini CLI is available!                            │
│ 0.9.0-nightly.20251001.163dba7e → 0.10.0-nightly.20251015.996c9f59   │
│ Running from a local git clone. Please update with "git pull".       │
╰──────────────────────────────────────────────────────────────────────╯

⠦ Connecting to MCP servers... (5/6)

Using:
  - 2 GEMINI.md files                     YOLO mode (ctrl + y to toggle)
  - 6 MCP servers (ctrl+t to view)
╭──────────────────────────────────────────────────────────────────────╮
│ *   Type your message or @path/to/file                               │
╰──────────────────────────────────────────────────────────────────────╯
gemini-cli (yifan*)

no sandbox (see /docs)

gemini-2.5-flash (100% context left)  | ✖ 4 errors (ctrl+o for details)

╭──────────────────────────────────────────────────────────────────────╮
│ A new version of Gemini CLI is available!                            │
│ 0.9.0-nightly.20251001.163dba7e → 0.10.0-nightly.20251015.996c9f59   │
│ Running from a local git clone. Please update with "git pull".       │
╰──────────────────────────────────────────────────────────────────────╯

⠧ Connecting to MCP servers... (5/6)

Using:
  - 2 GEMINI.md files                     YOLO mode (ctrl + y to toggle)
  - 6 MCP servers (ctrl+t to view)
╭──────────────────────────────────────────────────────────────────────╮
│ *   Type your message or @path/to/file                               │
╰──────────────────────────────────────────────────────────────────────╯
gemini-cli (yifan*)

no sandbox (see /docs)

gemini-2.5-flash (100% context left)  | ✖ 4 errors (ctrl+o for details)

╭──────────────────────────────────────────────────────────────────────╮
│ A new version of Gemini CLI is available!                            │
│ 0.9.0-nightly.20251001.163dba7e → 0.10.0-nightly.20251015.996c9f59   │
│ Running from a local git clone. Please update with "git pull".       │
╰──────────────────────────────────────────────────────────────────────╯

⠇ Connecting to MCP servers... (5/6)

Using:
  - 2 GEMINI.md files                     YOLO mode (ctrl + y to toggle)
  - 6 MCP servers (ctrl+t to view)
╭──────────────────────────────────────────────────────────────────────╮
│ *   Type your message or @path/to/file                               │
╰──────────────────────────────────────────────────────────────────────╯
gemini-cli (yifan*)

no sandbox (see /docs)

gemini-2.5-flash (100% context left)  | ✖ 4 errors (ctrl+o for details)

╭──────────────────────────────────────────────────────────────────────╮
│ A new version of Gemini CLI is available!                            │
│ 0.9.0-nightly.20251001.163dba7e → 0.10.0-nightly.20251015.996c9f59   │
│ Running from a local git clone. Please update with "git pull".       │
╰──────────────────────────────────────────────────────────────────────╯

⠏ Connecting to MCP servers... (5/6)

Using:
  - 2 GEMINI.md files                     YOLO mode (ctrl + y to toggle)
  - 6 MCP servers (ctrl+t to view)
╭──────────────────────────────────────────────────────────────────────╮
│ *   Type your message or @path/to/file                               │
╰──────────────────────────────────────────────────────────────────────╯
gemini-cli (yifan*)

no sandbox (see /docs)

gemini-2.5-flash (100% context left)  | ✖ 4 errors (ctrl+o for details)

╭──────────────────────────────────────────────────────────────────────╮
│ A new version of Gemini CLI is available!                            │
│ 0.9.0-nightly.20251001.163dba7e → 0.10.0-nightly.20251015.996c9f59   │
│ Running from a local git clone. Please update with "git pull".       │
╰──────────────────────────────────────────────────────────────────────╯

⠋ Connecting to MCP servers... (5/6)

Using:
  - 2 GEMINI.md files                     YOLO mode (ctrl + y to toggle)
  - 6 MCP servers (ctrl+t to view)
╭──────────────────────────────────────────────────────────────────────╮
│ *   Type your message or @path/to/file                               │
╰──────────────────────────────────────────────────────────────────────╯
gemini-cli (yifan*)

no sandbox (see /docs)

gemini-2.5-flash (100% context left)  | ✖ 4 errors (ctrl+o for details)

╭──────────────────────────────────────────────────────────────────────╮
│ A new version of Gemini CLI is available!                            │
│ 0.9.0-nightly.20251001.163dba7e → 0.10.0-nightly.20251015.996c9f59   │
│ Running from a local git clone. Please update with "git pull".       │
╰──────────────────────────────────────────────────────────────────────╯

⠙ Connecting to MCP servers... (5/6)

Using:
  - 2 GEMINI.md files                     YOLO mode (ctrl + y to toggle)
  - 6 MCP servers (ctrl+t to view)
╭──────────────────────────────────────────────────────────────────────╮
│ *   Type your message or @path/to/file                               │
╰──────────────────────────────────────────────────────────────────────╯
gemini-cli (yifan*)

no sandbox (see /docs)

gemini-2.5-flash (100% context left)  | ✖ 4 errors (ctrl+o for details)

╭──────────────────────────────────────────────────────────────────────╮
│ A new version of Gemini CLI is available!                            │
│ 0.9.0-nightly.20251001.163dba7e → 0.10.0-nightly.20251015.996c9f59   │
│ Running from a local git clone. Please update with "git pull".       │
╰──────────────────────────────────────────────────────────────────────╯

⠹ Connecting to MCP servers... (5/6)

Using:
  - 2 GEMINI.md files                     YOLO mode (ctrl + y to toggle)
  - 6 MCP servers (ctrl+t to view)
╭──────────────────────────────────────────────────────────────────────╮
│ *   Type your message or @path/to/file                               │
╰──────────────────────────────────────────────────────────────────────╯
gemini-cli (yifan*)

no sandbox (see /docs)

gemini-2.5-flash (100% context left)  | ✖ 4 errors (ctrl+o for details)

╭──────────────────────────────────────────────────────────────────────╮
│ A new version of Gemini CLI is available!                            │
│ 0.9.0-nightly.20251001.163dba7e → 0.10.0-nightly.20251015.996c9f59   │
│ Running from a local git clone. Please update with "git pull".       │
╰──────────────────────────────────────────────────────────────────────╯

⠸ Connecting to MCP servers... (5/6)

Using:
  - 2 GEMINI.md files                     YOLO mode (ctrl + y to toggle)
  - 6 MCP servers (ctrl+t to view)
╭──────────────────────────────────────────────────────────────────────╮
│ *   Type your message or @path/to/file                               │
╰──────────────────────────────────────────────────────────────────────╯
gemini-cli (yifan*)

no sandbox (see /docs)

gemini-2.5-flash (100% context left)  | ✖ 4 errors (ctrl+o for details)

╭──────────────────────────────────────────────────────────────────────╮
│ A new version of Gemini CLI is available!                            │
│ 0.9.0-nightly.20251001.163dba7e → 0.10.0-nightly.20251015.996c9f59   │
│ Running from a local git clone. Please update with "git pull".       │
╰──────────────────────────────────────────────────────────────────────╯

⠼ Connecting to MCP servers... (5/6)

Using:
  - 2 GEMINI.md files                     YOLO mode (ctrl + y to toggle)
  - 6 MCP servers (ctrl+t to view)
╭──────────────────────────────────────────────────────────────────────╮
│ *   Type your message or @path/to/file                               │
╰──────────────────────────────────────────────────────────────────────╯
gemini-cli (yifan*)

no sandbox (see /docs)

gemini-2.5-flash (100% context left)  | ✖ 4 errors (ctrl+o for details)

╭──────────────────────────────────────────────────────────────────────╮
│ A new version of Gemini CLI is available!                            │
│ 0.9.0-nightly.20251001.163dba7e → 0.10.0-nightly.20251015.996c9f59   │
│ Running from a local git clone. Please update with "git pull".       │
╰──────────────────────────────────────────────────────────────────────╯

⠴ Connecting to MCP servers... (5/6)

Using:
  - 2 GEMINI.md files                     YOLO mode (ctrl + y to toggle)
  - 6 MCP servers (ctrl+t to view)
╭──────────────────────────────────────────────────────────────────────╮
│ *   Type your message or @path/to/file                               │
╰──────────────────────────────────────────────────────────────────────╯
gemini-cli (yifan*)

no sandbox (see /docs)

gemini-2.5-flash (100% context left)  | ✖ 4 errors (ctrl+o for details)

╭──────────────────────────────────────────────────────────────────────╮
│ A new version of Gemini CLI is available!                            │
│ 0.9.0-nightly.20251001.163dba7e → 0.10.0-nightly.20251015.996c9f59   │
│ Running from a local git clone. Please update with "git pull".       │
╰──────────────────────────────────────────────────────────────────────╯

⠦ Connecting to MCP servers... (5/6)

Using:
  - 2 GEMINI.md files                     YOLO mode (ctrl + y to toggle)
  - 6 MCP servers (ctrl+t to view)
╭──────────────────────────────────────────────────────────────────────╮
│ *   Type your message or @path/to/file                               │
╰──────────────────────────────────────────────────────────────────────╯
gemini-cli (yifan*)

no sandbox (see /docs)

gemini-2.5-flash (100% context left)  | ✖ 4 errors (ctrl+o for details)

╭──────────────────────────────────────────────────────────────────────╮
│ A new version of Gemini CLI is available!                            │
│ 0.9.0-nightly.20251001.163dba7e → 0.10.0-nightly.20251015.996c9f59   │
│ Running from a local git clone. Please update with "git pull".       │
╰──────────────────────────────────────────────────────────────────────╯

⠧ Connecting to MCP servers... (5/6)

Using:
  - 2 GEMINI.md files                     YOLO mode (ctrl + y to toggle)
  - 6 MCP servers (ctrl+t to view)
╭──────────────────────────────────────────────────────────────────────╮
│ *   Type your message or @path/to/file                               │
╰──────────────────────────────────────────────────────────────────────╯
gemini-cli (yifan*)

no sandbox (see /docs)

gemini-2.5-flash (100% context left)  | ✖ 4 errors (ctrl+o for details)

╭──────────────────────────────────────────────────────────────────────╮
│ A new version of Gemini CLI is available!                            │
│ 0.9.0-nightly.20251001.163dba7e → 0.10.0-nightly.20251015.996c9f59   │
│ Running from a local git clone. Please update with "git pull".       │
╰──────────────────────────────────────────────────────────────────────╯

⠇ Connecting to MCP servers... (5/6)

Using:
  - 2 GEMINI.md files                     YOLO mode (ctrl + y to toggle)
  - 6 MCP servers (ctrl+t to view)
╭──────────────────────────────────────────────────────────────────────╮
│ *   Type your message or @path/to/file                               │
╰──────────────────────────────────────────────────────────────────────╯
gemini-cli (yifan*)

no sandbox (see /docs)

gemini-2.5-flash (100% context left)  | ✖ 4 errors (ctrl+o for details)

╭──────────────────────────────────────────────────────────────────────╮
│ A new version of Gemini CLI is available!                            │
│ 0.9.0-nightly.20251001.163dba7e → 0.10.0-nightly.20251015.996c9f59   │
│ Running from a local git clone. Please update with "git pull".       │
╰──────────────────────────────────────────────────────────────────────╯

⠏ Connecting to MCP servers... (5/6)

Using:
  - 2 GEMINI.md files                     YOLO mode (ctrl + y to toggle)
  - 6 MCP servers (ctrl+t to view)
╭──────────────────────────────────────────────────────────────────────╮
│ *   Type your message or @path/to/file                               │
╰──────────────────────────────────────────────────────────────────────╯
gemini-cli (yifan*)

no sandbox (see /docs)

gemini-2.5-flash (100% context left)  | ✖ 4 errors (ctrl+o for details)

╭──────────────────────────────────────────────────────────────────────╮
│ A new version of Gemini CLI is available!                            │
│ 0.9.0-nightly.20251001.163dba7e → 0.10.0-nightly.20251015.996c9f59   │
│ Running from a local git clone. Please update with "git pull".       │
╰──────────────────────────────────────────────────────────────────────╯

⠋ Connecting to MCP servers... (5/6)

Using:
  - 2 GEMINI.md files                     YOLO mode (ctrl + y to toggle)
  - 6 MCP servers (ctrl+t to view)
╭──────────────────────────────────────────────────────────────────────╮
│ *   Type your message or @path/to/file                               │
╰──────────────────────────────────────────────────────────────────────╯
gemini-cli (yifan*)

no sandbox (see /docs)

gemini-2.5-flash (100% context left)  | ✖ 4 errors (ctrl+o for details)

╭──────────────────────────────────────────────────────────────────────╮
│ A new version of Gemini CLI is available!                            │
│ 0.9.0-nightly.20251001.163dba7e → 0.10.0-nightly.20251015.996c9f59   │
│ Running from a local git clone. Please update with "git pull".       │
╰──────────────────────────────────────────────────────────────────────╯

⠙ Connecting to MCP servers... (5/6)

Using:
  - 2 GEMINI.md files                     YOLO mode (ctrl + y to toggle)
  - 6 MCP servers (ctrl+t to view)
╭──────────────────────────────────────────────────────────────────────╮
│ *   Type your message or @path/to/file                               │
╰──────────────────────────────────────────────────────────────────────╯
gemini-cli (yifan*)

no sandbox (see /docs)

gemini-2.5-flash (100% context left)  | ✖ 4 errors (ctrl+o for details)

╭──────────────────────────────────────────────────────────────────────╮
│ A new version of Gemini CLI is available!                            │
│ 0.9.0-nightly.20251001.163dba7e → 0.10.0-nightly.20251015.996c9f59   │
│ Running from a local git clone. Please update with "git pull".       │
╰──────────────────────────────────────────────────────────────────────╯

⠹ Connecting to MCP servers... (5/6)

Using:
  - 2 GEMINI.md files                     YOLO mode (ctrl + y to toggle)
  - 6 MCP servers (ctrl+t to view)
╭──────────────────────────────────────────────────────────────────────╮
│ *   Type your message or @path/to/file                               │
╰──────────────────────────────────────────────────────────────────────╯
gemini-cli (yifan*)

no sandbox (see /docs)

gemini-2.5-flash (100% context left)  | ✖ 4 errors (ctrl+o for details)

╭──────────────────────────────────────────────────────────────────────╮
│ A new version of Gemini CLI is available!                            │
│ 0.9.0-nightly.20251001.163dba7e → 0.10.0-nightly.20251015.996c9f59   │
│ Running from a local git clone. Please update with "git pull".       │
╰──────────────────────────────────────────────────────────────────────╯

⠸ Connecting to MCP servers... (5/6)

Using:
  - 2 GEMINI.md files                     YOLO mode (ctrl + y to toggle)
  - 6 MCP servers (ctrl+t to view)
╭──────────────────────────────────────────────────────────────────────╮
│ *   Type your message or @path/to/file                               │
╰──────────────────────────────────────────────────────────────────────╯
gemini-cli (yifan*)

no sandbox (see /docs)

gemini-2.5-flash (100% context left)  | ✖ 4 errors (ctrl+o for details)

╭──────────────────────────────────────────────────────────────────────╮
│ A new version of Gemini CLI is available!                            │
│ 0.9.0-nightly.20251001.163dba7e → 0.10.0-nightly.20251015.996c9f59   │
│ Running from a local git clone. Please update with "git pull".       │
╰──────────────────────────────────────────────────────────────────────╯

⠼ Connecting to MCP servers... (5/6)

Using:
  - 2 GEMINI.md files                     YOLO mode (ctrl + y to toggle)
  - 6 MCP servers (ctrl+t to view)
╭──────────────────────────────────────────────────────────────────────╮
│ *   Type your message or @path/to/file                               │
╰──────────────────────────────────────────────────────────────────────╯
gemini-cli (yifan*)

no sandbox (see /docs)

gemini-2.5-flash (100% context left)  | ✖ 4 errors (ctrl+o for details)

╭──────────────────────────────────────────────────────────────────────╮
│ A new version of Gemini CLI is available!                            │
│ 0.9.0-nightly.20251001.163dba7e → 0.10.0-nightly.20251015.996c9f59   │
│ Running from a local git clone. Please update with "git pull".       │
╰──────────────────────────────────────────────────────────────────────╯

⠴ Connecting to MCP servers... (5/6)

Using:
  - 2 GEMINI.md files                     YOLO mode (ctrl + y to toggle)
  - 6 MCP servers (ctrl+t to view)
╭──────────────────────────────────────────────────────────────────────╮
│ *   Type your message or @path/to/file                               │
╰──────────────────────────────────────────────────────────────────────╯
gemini-cli (yifan*)

no sandbox (see /docs)

gemini-2.5-flash (100% context left)  | ✖ 4 errors (ctrl+o for details)

╭──────────────────────────────────────────────────────────────────────╮
│ A new version of Gemini CLI is available!                            │
│ 0.9.0-nightly.20251001.163dba7e → 0.10.0-nightly.20251015.996c9f59   │
│ Running from a local git clone. Please update with "git pull".       │
╰──────────────────────────────────────────────────────────────────────╯

⠦ Connecting to MCP servers... (5/6)

Using:
  - 2 GEMINI.md files                     YOLO mode (ctrl + y to toggle)
  - 6 MCP servers (ctrl+t to view)
╭──────────────────────────────────────────────────────────────────────╮
│ *   Type your message or @path/to/file                               │
╰──────────────────────────────────────────────────────────────────────╯
gemini-cli (yifan*)

no sandbox (see /docs)

gemini-2.5-flash (100% context left)  | ✖ 4 errors (ctrl+o for details)

╭──────────────────────────────────────────────────────────────────────╮
│ A new version of Gemini CLI is available!                            │
│ 0.9.0-nightly.20251001.163dba7e → 0.10.0-nightly.20251015.996c9f59   │
│ Running from a local git clone. Please update with "git pull".       │
╰──────────────────────────────────────────────────────────────────────╯

⠧ Connecting to MCP servers... (5/6)

Using:
  - 2 GEMINI.md files                     YOLO mode (ctrl + y to toggle)
  - 6 MCP servers (ctrl+t to view)
╭──────────────────────────────────────────────────────────────────────╮
│ *   Type your message or @path/to/file                               │
╰──────────────────────────────────────────────────────────────────────╯
gemini-cli (yifan*)

no sandbox (see /docs)

gemini-2.5-flash (100% context left)  | ✖ 4 errors (ctrl+o for details)

╭──────────────────────────────────────────────────────────────────────╮
│ A new version of Gemini CLI is available!                            │
│ 0.9.0-nightly.20251001.163dba7e → 0.10.0-nightly.20251015.996c9f59   │
│ Running from a local git clone. Please update with "git pull".       │
╰──────────────────────────────────────────────────────────────────────╯

⠧ Connecting to MCP servers... (6/6)

Using:
  - 2 GEMINI.md files                     YOLO mode (ctrl + y to toggle)
  - 6 MCP servers (ctrl+t to view)
╭──────────────────────────────────────────────────────────────────────╮
│ *   Type your message or @path/to/file                               │
╰──────────────────────────────────────────────────────────────────────╯
gemini-cli (yifan*)

no sandbox (see /docs)

gemini-2.5-flash (100% context left)  | ✖ 4 errors (ctrl+o for details)

╭──────────────────────────────────────────────────────────────────────╮
│ A new version of Gemini CLI is available!                            │
│ 0.9.0-nightly.20251001.163dba7e → 0.10.0-nightly.20251015.996c9f59   │
│ Running from a local git clone. Please update with "git pull".       │
╰──────────────────────────────────────────────────────────────────────╯

Using:
  - 2 GEMINI.md files                     YOLO mode (ctrl + y to toggle)
  - 6 MCP servers (ctrl+t to view)
╭──────────────────────────────────────────────────────────────────────╮
│ *   Type your message or @path/to/file                               │
╰──────────────────────────────────────────────────────────────────────╯
gemini-cli (yifan*)

no sandbox (see /docs)

gemini-2.5-flash (100% context left)  | ✖ 4 errors (ctrl+o for details)

╭──────────────────────────────────────────────────────────────────────╮
│ A new version of Gemini CLI is available!                            │
│ 0.9.0-nightly.20251001.163dba7e → 0.10.0-nightly.20251015.996c9f59   │
│ Running from a local git clone. Please update with "git pull".       │
╰──────────────────────────────────────────────────────────────────────╯

  计算 123 + 456

Using:
  - 2 GEMINI.md files                     YOLO mode (ctrl + y to toggle)
  - 6 MCP servers (ctrl+t to view)
╭──────────────────────────────────────────────────────────────────────╮
│ *   Type your message or @path/to/file                               │
╰──────────────────────────────────────────────────────────────────────╯
gemini-cli (yifan*)

no sandbox (see /docs)

gemini-2.5-flash (100% context left)  | ✖ 4 errors (ctrl+o for details)

╭──────────────────────────────────────────────────────────────────────╮
│ A new version of Gemini CLI is available!                            │
│ 0.9.0-nightly.20251001.163dba7e → 0.10.0-nightly.20251015.996c9f59   │
│ Running from a local git clone. Please update with "git pull".       │
╰──────────────────────────────────────────────────────────────────────╯

Using:
  - 2 GEMINI.md files                     YOLO mode (ctrl + y to toggle)
  - 6 MCP servers (ctrl+t to view)
╭──────────────────────────────────────────────────────────────────────╮
│ *   Type your message or @path/to/file                               │
╰──────────────────────────────────────────────────────────────────────╯
gemini-cli (yifan*)

no sandbox (see /docs)

gemini-2.5-flash (100% context left)  | ✖ 4 errors (ctrl+o for details)

> 计算 123 + 456

╭──────────────────────────────────────────────────────────────────────╮
│ A new version of Gemini CLI is available!                            │
│ 0.9.0-nightly.20251001.163dba7e → 0.10.0-nightly.20251015.996c9f59   │
│ Running from a local git clone. Please update with "git pull".       │
╰──────────────────────────────────────────────────────────────────────╯

⠋ I'm Feeling Lucky
(esc to cancel, 0s)

Using:
  - 2 GEMINI.md files                     YOLO mode (ctrl + y to toggle)
  - 6 MCP servers (ctrl+t to view)
╭──────────────────────────────────────────────────────────────────────╮
│ *   Type your message or @path/to/file                               │
╰──────────────────────────────────────────────────────────────────────╯
gemini-cli (yifan*)

no sandbox (see /docs)

gemini-2.5-flash (100% context left)  | ✖ 4 errors (ctrl+o for details)

╭──────────────────────────────────────────────────────────────────────╮
│ A new version of Gemini CLI is available!                            │
│ 0.9.0-nightly.20251001.163dba7e → 0.10.0-nightly.20251015.996c9f59   │
│ Running from a local git clone. Please update with "git pull".       │
╰──────────────────────────────────────────────────────────────────────╯

⠋ Enhancing... Enhancing... Still loading.
(esc to cancel, 0s)

Using:
  - 2 GEMINI.md files                     YOLO mode (ctrl + y to toggle)
  - 6 MCP servers (ctrl+t to view)
╭──────────────────────────────────────────────────────────────────────╮
│ *   Type your message or @path/to/file                               │
╰──────────────────────────────────────────────────────────────────────╯
gemini-cli (yifan*)

no sandbox (see /docs)

gemini-2.5-flash (100% context left)  | ✖ 4 errors (ctrl+o for details)

╭──────────────────────────────────────────────────────────────────────╮
│ A new version of Gemini CLI is available!                            │
│ 0.9.0-nightly.20251001.163dba7e → 0.10.0-nightly.20251015.996c9f59   │
│ Running from a local git clone. Please update with "git pull".       │
╰──────────────────────────────────────────────────────────────────────╯

⠙ Enhancing... Enhancing... Still loading.
(esc to cancel, 0s)

Using:
  - 2 GEMINI.md files                     YOLO mode (ctrl + y to toggle)
  - 6 MCP servers (ctrl+t to view)
╭──────────────────────────────────────────────────────────────────────╮
│ *   Type your message or @path/to/file                               │
╰──────────────────────────────────────────────────────────────────────╯
gemini-cli (yifan*)

no sandbox (see /docs)

gemini-2.5-flash (100% context left)  | ✖ 4 errors (ctrl+o for details)

╭──────────────────────────────────────────────────────────────────────╮
│ A new version of Gemini CLI is available!                            │
│ 0.9.0-nightly.20251001.163dba7e → 0.10.0-nightly.20251015.996c9f59   │
│ Running from a local git clone. Please update with "git pull".       │
╰──────────────────────────────────────────────────────────────────────╯

⠹ Enhancing... Enhancing... Still loading.
(esc to cancel, 0s)

Using:
  - 2 GEMINI.md files                     YOLO mode (ctrl + y to toggle)
  - 6 MCP servers (ctrl+t to view)
╭──────────────────────────────────────────────────────────────────────╮
│ *   Type your message or @path/to/file                               │
╰──────────────────────────────────────────────────────────────────────╯
gemini-cli (yifan*)

no sandbox (see /docs)

gemini-2.5-flash (100% context left)  | ✖ 4 errors (ctrl+o for details)

╭──────────────────────────────────────────────────────────────────────╮
│ A new version of Gemini CLI is available!                            │
│ 0.9.0-nightly.20251001.163dba7e → 0.10.0-nightly.20251015.996c9f59   │
│ Running from a local git clone. Please update with "git pull".       │
╰──────────────────────────────────────────────────────────────────────╯

⠸ Enhancing... Enhancing... Still loading.
(esc to cancel, 0s)

Using:
  - 2 GEMINI.md files                     YOLO mode (ctrl + y to toggle)
  - 6 MCP servers (ctrl+t to view)
╭──────────────────────────────────────────────────────────────────────╮
│ *   Type your message or @path/to/file                               │
╰──────────────────────────────────────────────────────────────────────╯
gemini-cli (yifan*)

no sandbox (see /docs)

gemini-2.5-flash (100% context left)  | ✖ 4 errors (ctrl+o for details)

╭──────────────────────────────────────────────────────────────────────╮
│ A new version of Gemini CLI is available!                            │
│ 0.9.0-nightly.20251001.163dba7e → 0.10.0-nightly.20251015.996c9f59   │
│ Running from a local git clone. Please update with "git pull".       │
╰──────────────────────────────────────────────────────────────────────╯

⠼ Enhancing... Enhancing... Still loading.
(esc to cancel, 0s)

Using:
  - 2 GEMINI.md files                     YOLO mode (ctrl + y to toggle)
  - 6 MCP servers (ctrl+t to view)
╭──────────────────────────────────────────────────────────────────────╮
│ *   Type your message or @path/to/file                               │
╰──────────────────────────────────────────────────────────────────────╯
gemini-cli (yifan*)

no sandbox (see /docs)

gemini-2.5-flash (100% context left)  | ✖ 4 errors (ctrl+o for details)

╭──────────────────────────────────────────────────────────────────────╮
│ A new version of Gemini CLI is available!                            │
│ 0.9.0-nightly.20251001.163dba7e → 0.10.0-nightly.20251015.996c9f59   │
│ Running from a local git clone. Please update with "git pull".       │
╰──────────────────────────────────────────────────────────────────────╯

⠴ Enhancing... Enhancing... Still loading.
(esc to cancel, 0s)

Using:
  - 2 GEMINI.md files                     YOLO mode (ctrl + y to toggle)
  - 6 MCP servers (ctrl+t to view)
╭──────────────────────────────────────────────────────────────────────╮
│ *   Type your message or @path/to/file                               │
╰──────────────────────────────────────────────────────────────────────╯
gemini-cli (yifan*)

no sandbox (see /docs)

gemini-2.5-flash (100% context left)  | ✖ 4 errors (ctrl+o for details)

╭──────────────────────────────────────────────────────────────────────╮
│ A new version of Gemini CLI is available!                            │
│ 0.9.0-nightly.20251001.163dba7e → 0.10.0-nightly.20251015.996c9f59   │
│ Running from a local git clone. Please update with "git pull".       │
╰──────────────────────────────────────────────────────────────────────╯

⠦ Enhancing... Enhancing... Still loading.
(esc to cancel, 0s)

Using:
  - 2 GEMINI.md files                     YOLO mode (ctrl + y to toggle)
  - 6 MCP servers (ctrl+t to view)
╭──────────────────────────────────────────────────────────────────────╮
│ *   Type your message or @path/to/file                               │
╰──────────────────────────────────────────────────────────────────────╯
gemini-cli (yifan*)

no sandbox (see /docs)

gemini-2.5-flash (100% context left)  | ✖ 4 errors (ctrl+o for details)

╭──────────────────────────────────────────────────────────────────────╮
│ A new version of Gemini CLI is available!                            │
│ 0.9.0-nightly.20251001.163dba7e → 0.10.0-nightly.20251015.996c9f59   │
│ Running from a local git clone. Please update with "git pull".       │
╰──────────────────────────────────────────────────────────────────────╯

⠧ Enhancing... Enhancing... Still loading.
(esc to cancel, 0s)

Using:
  - 2 GEMINI.md files                     YOLO mode (ctrl + y to toggle)
  - 6 MCP servers (ctrl+t to view)
╭──────────────────────────────────────────────────────────────────────╮
│ *   Type your message or @path/to/file                               │
╰──────────────────────────────────────────────────────────────────────╯
gemini-cli (yifan*)

no sandbox (see /docs)

gemini-2.5-flash (100% context left)  | ✖ 4 errors (ctrl+o for details)

╭──────────────────────────────────────────────────────────────────────╮
│ A new version of Gemini CLI is available!                            │
│ 0.9.0-nightly.20251001.163dba7e → 0.10.0-nightly.20251015.996c9f59   │
│ Running from a local git clone. Please update with "git pull".       │
╰──────────────────────────────────────────────────────────────────────╯

⠇ Enhancing... Enhancing... Still loading.
(esc to cancel, 0s)

Using:
  - 2 GEMINI.md files                     YOLO mode (ctrl + y to toggle)
  - 6 MCP servers (ctrl+t to view)
╭──────────────────────────────────────────────────────────────────────╮
│ *   Type your message or @path/to/file                               │
╰──────────────────────────────────────────────────────────────────────╯
gemini-cli (yifan*)

no sandbox (see /docs)

gemini-2.5-flash (100% context left)  | ✖ 4 errors (ctrl+o for details)

╭──────────────────────────────────────────────────────────────────────╮
│ A new version of Gemini CLI is available!                            │
│ 0.9.0-nightly.20251001.163dba7e → 0.10.0-nightly.20251015.996c9f59   │
│ Running from a local git clone. Please update with "git pull".       │
╰──────────────────────────────────────────────────────────────────────╯

⠏ Enhancing... Enhancing... Still loading.
(esc to cancel, 0s)

Using:
  - 2 GEMINI.md files                     YOLO mode (ctrl + y to toggle)
  - 6 MCP servers (ctrl+t to view)
╭──────────────────────────────────────────────────────────────────────╮
│ *   Type your message or @path/to/file                               │
╰──────────────────────────────────────────────────────────────────────╯
gemini-cli (yifan*)

no sandbox (see /docs)

gemini-2.5-flash (100% context left)  | ✖ 4 errors (ctrl+o for details)

╭──────────────────────────────────────────────────────────────────────╮
│ A new version of Gemini CLI is available!                            │
│ 0.9.0-nightly.20251001.163dba7e → 0.10.0-nightly.20251015.996c9f59   │
│ Running from a local git clone. Please update with "git pull".       │
╰──────────────────────────────────────────────────────────────────────╯

⠋ Enhancing... Enhancing... Still loading.
(esc to cancel, 0s)

Using:
  - 2 GEMINI.md files                     YOLO mode (ctrl + y to toggle)
  - 6 MCP servers (ctrl+t to view)
╭──────────────────────────────────────────────────────────────────────╮
│ *   Type your message or @path/to/file                               │
╰──────────────────────────────────────────────────────────────────────╯
gemini-cli (yifan*)

no sandbox (see /docs)

gemini-2.5-flash (100% context left)  | ✖ 4 errors (ctrl+o for details)

╭──────────────────────────────────────────────────────────────────────╮
│ A new version of Gemini CLI is available!                            │
│ 0.9.0-nightly.20251001.163dba7e → 0.10.0-nightly.20251015.996c9f59   │
│ Running from a local git clone. Please update with "git pull".       │
╰──────────────────────────────────────────────────────────────────────╯

⠙ Enhancing... Enhancing... Still loading.
(esc to cancel, 0s)

Using:
  - 2 GEMINI.md files                     YOLO mode (ctrl + y to toggle)
  - 6 MCP servers (ctrl+t to view)
╭──────────────────────────────────────────────────────────────────────╮
│ *   Type your message or @path/to/file                               │
╰──────────────────────────────────────────────────────────────────────╯
gemini-cli (yifan*)

no sandbox (see /docs)

gemini-2.5-flash (100% context left)  | ✖ 4 errors (ctrl+o for details)

╭──────────────────────────────────────────────────────────────────────╮
│ A new version of Gemini CLI is available!                            │
│ 0.9.0-nightly.20251001.163dba7e → 0.10.0-nightly.20251015.996c9f59   │
│ Running from a local git clone. Please update with "git pull".       │
╰──────────────────────────────────────────────────────────────────────╯

⠹ Enhancing... Enhancing... Still loading.
(esc to cancel, 0s)

Using:
  - 2 GEMINI.md files                     YOLO mode (ctrl + y to toggle)
  - 6 MCP servers (ctrl+t to view)
╭──────────────────────────────────────────────────────────────────────╮
│ *   Type your message or @path/to/file                               │
╰──────────────────────────────────────────────────────────────────────╯
gemini-cli (yifan*)

no sandbox (see /docs)

gemini-2.5-flash (100% context left)  | ✖ 4 errors (ctrl+o for details)

╭──────────────────────────────────────────────────────────────────────╮
│ A new version of Gemini CLI is available!                            │
│ 0.9.0-nightly.20251001.163dba7e → 0.10.0-nightly.20251015.996c9f59   │
│ Running from a local git clone. Please update with "git pull".       │
╰──────────────────────────────────────────────────────────────────────╯

⠹ Enhancing... Enhancing... Still loading.
(esc to cancel, 1s)

Using:
  - 2 GEMINI.md files                     YOLO mode (ctrl + y to toggle)
  - 6 MCP servers (ctrl+t to view)
╭──────────────────────────────────────────────────────────────────────╮
│ *   Type your message or @path/to/file                               │
╰──────────────────────────────────────────────────────────────────────╯
gemini-cli (yifan*)

no sandbox (see /docs)

gemini-2.5-flash (100% context left)  | ✖ 4 errors (ctrl+o for details)

╭──────────────────────────────────────────────────────────────────────╮
│ A new version of Gemini CLI is available!                            │
│ 0.9.0-nightly.20251001.163dba7e → 0.10.0-nightly.20251015.996c9f59   │
│ Running from a local git clone. Please update with "git pull".       │
╰──────────────────────────────────────────────────────────────────────╯

⠸ Enhancing... Enhancing... Still loading.
(esc to cancel, 1s)

Using:
  - 2 GEMINI.md files                     YOLO mode (ctrl + y to toggle)
  - 6 MCP servers (ctrl+t to view)
╭──────────────────────────────────────────────────────────────────────╮
│ *   Type your message or @path/to/file                               │
╰──────────────────────────────────────────────────────────────────────╯
gemini-cli (yifan*)

no sandbox (see /docs)

gemini-2.5-flash (100% context left)  | ✖ 4 errors (ctrl+o for details)

╭──────────────────────────────────────────────────────────────────────╮
│ A new version of Gemini CLI is available!                            │
│ 0.9.0-nightly.20251001.163dba7e → 0.10.0-nightly.20251015.996c9f59   │
│ Running from a local git clone. Please update with "git pull".       │
╰──────────────────────────────────────────────────────────────────────╯

⠼ Enhancing... Enhancing... Still loading.
(esc to cancel, 1s)

Using:
  - 2 GEMINI.md files                     YOLO mode (ctrl + y to toggle)
  - 6 MCP servers (ctrl+t to view)
╭──────────────────────────────────────────────────────────────────────╮
│ *   Type your message or @path/to/file                               │
╰──────────────────────────────────────────────────────────────────────╯
gemini-cli (yifan*)

no sandbox (see /docs)

gemini-2.5-flash (100% context left)  | ✖ 4 errors (ctrl+o for details)

╭──────────────────────────────────────────────────────────────────────╮
│ A new version of Gemini CLI is available!                            │
│ 0.9.0-nightly.20251001.163dba7e → 0.10.0-nightly.20251015.996c9f59   │
│ Running from a local git clone. Please update with "git pull".       │
╰──────────────────────────────────────────────────────────────────────╯

⠴ Enhancing... Enhancing... Still loading.
(esc to cancel, 1s)

Using:
  - 2 GEMINI.md files                     YOLO mode (ctrl + y to toggle)
  - 6 MCP servers (ctrl+t to view)
╭──────────────────────────────────────────────────────────────────────╮
│ *   Type your message or @path/to/file                               │
╰──────────────────────────────────────────────────────────────────────╯
gemini-cli (yifan*)

no sandbox (see /docs)

gemini-2.5-flash (100% context left)  | ✖ 4 errors (ctrl+o for details)

╭──────────────────────────────────────────────────────────────────────╮
│ A new version of Gemini CLI is available!                            │
│ 0.9.0-nightly.20251001.163dba7e → 0.10.0-nightly.20251015.996c9f59   │
│ Running from a local git clone. Please update with "git pull".       │
╰──────────────────────────────────────────────────────────────────────╯

⠦ Enhancing... Enhancing... Still loading.
(esc to cancel, 1s)

Using:
  - 2 GEMINI.md files                     YOLO mode (ctrl + y to toggle)
  - 6 MCP servers (ctrl+t to view)
╭──────────────────────────────────────────────────────────────────────╮
│ *   Type your message or @path/to/file                               │
╰──────────────────────────────────────────────────────────────────────╯
gemini-cli (yifan*)

no sandbox (see /docs)

gemini-2.5-flash (100% context left)  | ✖ 4 errors (ctrl+o for details)

╭──────────────────────────────────────────────────────────────────────╮
│ A new version of Gemini CLI is available!                            │
│ 0.9.0-nightly.20251001.163dba7e → 0.10.0-nightly.20251015.996c9f59   │
│ Running from a local git clone. Please update with "git pull".       │
╰──────────────────────────────────────────────────────────────────────╯

⠧ Enhancing... Enhancing... Still loading.
(esc to cancel, 1s)

Using:
  - 2 GEMINI.md files                     YOLO mode (ctrl + y to toggle)
  - 6 MCP servers (ctrl+t to view)
╭──────────────────────────────────────────────────────────────────────╮
│ *   Type your message or @path/to/file                               │
╰──────────────────────────────────────────────────────────────────────╯
gemini-cli (yifan*)

no sandbox (see /docs)

gemini-2.5-flash (100% context left)  | ✖ 4 errors (ctrl+o for details)

╭──────────────────────────────────────────────────────────────────────╮
│ A new version of Gemini CLI is available!                            │
│ 0.9.0-nightly.20251001.163dba7e → 0.10.0-nightly.20251015.996c9f59   │
│ Running from a local git clone. Please update with "git pull".       │
╰──────────────────────────────────────────────────────────────────────╯

⠇ Enhancing... Enhancing... Still loading.
(esc to cancel, 1s)

Using:
  - 2 GEMINI.md files                     YOLO mode (ctrl + y to toggle)
  - 6 MCP servers (ctrl+t to view)
╭──────────────────────────────────────────────────────────────────────╮
│ *   Type your message or @path/to/file                               │
╰──────────────────────────────────────────────────────────────────────╯
gemini-cli (yifan*)

no sandbox (see /docs)

gemini-2.5-flash (100% context left)  | ✖ 4 errors (ctrl+o for details)

╭──────────────────────────────────────────────────────────────────────╮
│ A new version of Gemini CLI is available!                            │
│ 0.9.0-nightly.20251001.163dba7e → 0.10.0-nightly.20251015.996c9f59   │
│ Running from a local git clone. Please update with "git pull".       │
╰──────────────────────────────────────────────────────────────────────╯

⠏ Enhancing... Enhancing... Still loading.
(esc to cancel, 1s)

Using:
  - 2 GEMINI.md files                     YOLO mode (ctrl + y to toggle)
  - 6 MCP servers (ctrl+t to view)
╭──────────────────────────────────────────────────────────────────────╮
│ *   Type your message or @path/to/file                               │
╰──────────────────────────────────────────────────────────────────────╯
gemini-cli (yifan*)

no sandbox (see /docs)

gemini-2.5-flash (100% context left)  | ✖ 4 errors (ctrl+o for details)

╭──────────────────────────────────────────────────────────────────────╮
│ A new version of Gemini CLI is available!                            │
│ 0.9.0-nightly.20251001.163dba7e → 0.10.0-nightly.20251015.996c9f59   │
│ Running from a local git clone. Please update with "git pull".       │
╰──────────────────────────────────────────────────────────────────────╯

⠋ Enhancing... Enhancing... Still loading.
(esc to cancel, 1s)

Using:
  - 2 GEMINI.md files                     YOLO mode (ctrl + y to toggle)
  - 6 MCP servers (ctrl+t to view)
╭──────────────────────────────────────────────────────────────────────╮
│ *   Type your message or @path/to/file                               │
╰──────────────────────────────────────────────────────────────────────╯
gemini-cli (yifan*)

no sandbox (see /docs)

gemini-2.5-flash (100% context left)  | ✖ 4 errors (ctrl+o for details)

╭──────────────────────────────────────────────────────────────────────╮
│ A new version of Gemini CLI is available!                            │
│ 0.9.0-nightly.20251001.163dba7e → 0.10.0-nightly.20251015.996c9f59   │
│ Running from a local git clone. Please update with "git pull".       │
╰──────────────────────────────────────────────────────────────────────╯

⠙ Enhancing... Enhancing... Still loading.
(esc to cancel, 1s)

Using:
  - 2 GEMINI.md files                     YOLO mode (ctrl + y to toggle)
  - 6 MCP servers (ctrl+t to view)
╭──────────────────────────────────────────────────────────────────────╮
│ *   Type your message or @path/to/file                               │
╰──────────────────────────────────────────────────────────────────────╯
gemini-cli (yifan*)

no sandbox (see /docs)

gemini-2.5-flash (100% context left)  | ✖ 4 errors (ctrl+o for details)

╭──────────────────────────────────────────────────────────────────────╮
│ A new version of Gemini CLI is available!                            │
│ 0.9.0-nightly.20251001.163dba7e → 0.10.0-nightly.20251015.996c9f59   │
│ Running from a local git clone. Please update with "git pull".       │
╰──────────────────────────────────────────────────────────────────────╯

⠹ Enhancing... Enhancing... Still loading.
(esc to cancel, 1s)

Using:
  - 2 GEMINI.md files                     YOLO mode (ctrl + y to toggle)
  - 6 MCP servers (ctrl+t to view)
╭──────────────────────────────────────────────────────────────────────╮
│ *   Type your message or @path/to/file                               │
╰──────────────────────────────────────────────────────────────────────╯
gemini-cli (yifan*)

no sandbox (see /docs)

gemini-2.5-flash (100% context left)  | ✖ 4 errors (ctrl+o for details)

╭──────────────────────────────────────────────────────────────────────╮
│ A new version of Gemini CLI is available!                            │
│ 0.9.0-nightly.20251001.163dba7e → 0.10.0-nightly.20251015.996c9f59   │
│ Running from a local git clone. Please update with "git pull".       │
╰──────────────────────────────────────────────────────────────────────╯

⠸ Enhancing... Enhancing... Still loading.
(esc to cancel, 1s)

Using:
  - 2 GEMINI.md files                     YOLO mode (ctrl + y to toggle)
  - 6 MCP servers (ctrl+t to view)
╭──────────────────────────────────────────────────────────────────────╮
│ *   Type your message or @path/to/file                               │
╰──────────────────────────────────────────────────────────────────────╯
gemini-cli (yifan*)

no sandbox (see /docs)

gemini-2.5-flash (100% context left)  | ✖ 4 errors (ctrl+o for details)

╭──────────────────────────────────────────────────────────────────────╮
│ A new version of Gemini CLI is available!                            │
│ 0.9.0-nightly.20251001.163dba7e → 0.10.0-nightly.20251015.996c9f59   │
│ Running from a local git clone. Please update with "git pull".       │
╰──────────────────────────────────────────────────────────────────────╯

⠼ Enhancing... Enhancing... Still loading.
(esc to cancel, 1s)

Using:
  - 2 GEMINI.md files                     YOLO mode (ctrl + y to toggle)
  - 6 MCP servers (ctrl+t to view)
╭──────────────────────────────────────────────────────────────────────╮
│ *   Type your message or @path/to/file                               │
╰──────────────────────────────────────────────────────────────────────╯
gemini-cli (yifan*)

no sandbox (see /docs)

gemini-2.5-flash (100% context left)  | ✖ 4 errors (ctrl+o for details)

╭──────────────────────────────────────────────────────────────────────╮
│ A new version of Gemini CLI is available!                            │
│ 0.9.0-nightly.20251001.163dba7e → 0.10.0-nightly.20251015.996c9f59   │
│ Running from a local git clone. Please update with "git pull".       │
╰──────────────────────────────────────────────────────────────────────╯

⠼ Enhancing... Enhancing... Still loading.
(esc to cancel, 2s)

Using:
  - 2 GEMINI.md files                     YOLO mode (ctrl + y to toggle)
  - 6 MCP servers (ctrl+t to view)
╭──────────────────────────────────────────────────────────────────────╮
│ *   Type your message or @path/to/file                               │
╰──────────────────────────────────────────────────────────────────────╯
gemini-cli (yifan*)

no sandbox (see /docs)

gemini-2.5-flash (100% context left)  | ✖ 4 errors (ctrl+o for details)

╭──────────────────────────────────────────────────────────────────────╮
│ A new version of Gemini CLI is available!                            │
│ 0.9.0-nightly.20251001.163dba7e → 0.10.0-nightly.20251015.996c9f59   │
│ Running from a local git clone. Please update with "git pull".       │
╰──────────────────────────────────────────────────────────────────────╯

⠴ Enhancing... Enhancing... Still loading.
(esc to cancel, 2s)

Using:
  - 2 GEMINI.md files                     YOLO mode (ctrl + y to toggle)
  - 6 MCP servers (ctrl+t to view)
╭──────────────────────────────────────────────────────────────────────╮
│ *   Type your message or @path/to/file                               │
╰──────────────────────────────────────────────────────────────────────╯
gemini-cli (yifan*)

no sandbox (see /docs)

gemini-2.5-flash (100% context left)  | ✖ 4 errors (ctrl+o for details)

╭──────────────────────────────────────────────────────────────────────╮
│ A new version of Gemini CLI is available!                            │
│ 0.9.0-nightly.20251001.163dba7e → 0.10.0-nightly.20251015.996c9f59   │
│ Running from a local git clone. Please update with "git pull".       │
╰──────────────────────────────────────────────────────────────────────╯

⠦ Enhancing... Enhancing... Still loading.
(esc to cancel, 2s)

Using:
  - 2 GEMINI.md files                     YOLO mode (ctrl + y to toggle)
  - 6 MCP servers (ctrl+t to view)
╭──────────────────────────────────────────────────────────────────────╮
│ *   Type your message or @path/to/file                               │
╰──────────────────────────────────────────────────────────────────────╯
gemini-cli (yifan*)

no sandbox (see /docs)

gemini-2.5-flash (100% context left)  | ✖ 4 errors (ctrl+o for details)

╭──────────────────────────────────────────────────────────────────────╮
│ A new version of Gemini CLI is available!                            │
│ 0.9.0-nightly.20251001.163dba7e → 0.10.0-nightly.20251015.996c9f59   │
│ Running from a local git clone. Please update with "git pull".       │
╰──────────────────────────────────────────────────────────────────────╯

⠧ Enhancing... Enhancing... Still loading.
(esc to cancel, 2s)

Using:
  - 2 GEMINI.md files                     YOLO mode (ctrl + y to toggle)
  - 6 MCP servers (ctrl+t to view)
╭──────────────────────────────────────────────────────────────────────╮
│ *   Type your message or @path/to/file                               │
╰──────────────────────────────────────────────────────────────────────╯
gemini-cli (yifan*)

no sandbox (see /docs)

gemini-2.5-flash (100% context left)  | ✖ 4 errors (ctrl+o for details)

╭──────────────────────────────────────────────────────────────────────╮
│ A new version of Gemini CLI is available!                            │
│ 0.9.0-nightly.20251001.163dba7e → 0.10.0-nightly.20251015.996c9f59   │
│ Running from a local git clone. Please update with "git pull".       │
╰──────────────────────────────────────────────────────────────────────╯

⠇ Enhancing... Enhancing... Still loading.
(esc to cancel, 2s)

Using:
  - 2 GEMINI.md files                     YOLO mode (ctrl + y to toggle)
  - 6 MCP servers (ctrl+t to view)
╭──────────────────────────────────────────────────────────────────────╮
│ *   Type your message or @path/to/file                               │
╰──────────────────────────────────────────────────────────────────────╯
gemini-cli (yifan*)

no sandbox (see /docs)

gemini-2.5-flash (100% context left)  | ✖ 4 errors (ctrl+o for details)

╭──────────────────────────────────────────────────────────────────────╮
│ A new version of Gemini CLI is available!                            │
│ 0.9.0-nightly.20251001.163dba7e → 0.10.0-nightly.20251015.996c9f59   │
│ Running from a local git clone. Please update with "git pull".       │
╰──────────────────────────────────────────────────────────────────────╯

⠏ Enhancing... Enhancing... Still loading.
(esc to cancel, 2s)

Using:
  - 2 GEMINI.md files                     YOLO mode (ctrl + y to toggle)
  - 6 MCP servers (ctrl+t to view)
╭──────────────────────────────────────────────────────────────────────╮
│ *   Type your message or @path/to/file                               │
╰──────────────────────────────────────────────────────────────────────╯
gemini-cli (yifan*)

no sandbox (see /docs)

gemini-2.5-flash (100% context left)  | ✖ 4 errors (ctrl+o for details)

╭──────────────────────────────────────────────────────────────────────╮
│ A new version of Gemini CLI is available!                            │
│ 0.9.0-nightly.20251001.163dba7e → 0.10.0-nightly.20251015.996c9f59   │
│ Running from a local git clone. Please update with "git pull".       │
╰──────────────────────────────────────────────────────────────────────╯

⠋ Enhancing... Enhancing... Still loading.
(esc to cancel, 2s)

Using:
  - 2 GEMINI.md files                     YOLO mode (ctrl + y to toggle)
  - 6 MCP servers (ctrl+t to view)
╭──────────────────────────────────────────────────────────────────────╮
│ *   Type your message or @path/to/file                               │
╰──────────────────────────────────────────────────────────────────────╯
gemini-cli (yifan*)

no sandbox (see /docs)

gemini-2.5-flash (100% context left)  | ✖ 4 errors (ctrl+o for details)

╭──────────────────────────────────────────────────────────────────────╮
│ A new version of Gemini CLI is available!                            │
│ 0.9.0-nightly.20251001.163dba7e → 0.10.0-nightly.20251015.996c9f59   │
│ Running from a local git clone. Please update with "git pull".       │
╰──────────────────────────────────────────────────────────────────────╯

⠙ Enhancing... Enhancing... Still loading.
(esc to cancel, 2s)

Using:
  - 2 GEMINI.md files                     YOLO mode (ctrl + y to toggle)
  - 6 MCP servers (ctrl+t to view)
╭──────────────────────────────────────────────────────────────────────╮
│ *   Type your message or @path/to/file                               │
╰──────────────────────────────────────────────────────────────────────╯
gemini-cli (yifan*)

no sandbox (see /docs)

gemini-2.5-flash (100% context left)  | ✖ 4 errors (ctrl+o for details)

╭──────────────────────────────────────────────────────────────────────╮
│ A new version of Gemini CLI is available!                            │
│ 0.9.0-nightly.20251001.163dba7e → 0.10.0-nightly.20251015.996c9f59   │
│ Running from a local git clone. Please update with "git pull".       │
╰──────────────────────────────────────────────────────────────────────╯

⠹ Enhancing... Enhancing... Still loading.
(esc to cancel, 2s)

Using:
  - 2 GEMINI.md files                     YOLO mode (ctrl + y to toggle)
  - 6 MCP servers (ctrl+t to view)
╭──────────────────────────────────────────────────────────────────────╮
│ *   Type your message or @path/to/file                               │
╰──────────────────────────────────────────────────────────────────────╯
gemini-cli (yifan*)

no sandbox (see /docs)

gemini-2.5-flash (100% context left)  | ✖ 4 errors (ctrl+o for details)
✦ 5

╭──────────────────────────────────────────────────────────────────────╮
│ A new version of Gemini CLI is available!                            │
│ 0.9.0-nightly.20251001.163dba7e → 0.10.0-nightly.20251015.996c9f59   │
│ Running from a local git clone. Please update with "git pull".       │
╰──────────────────────────────────────────────────────────────────────╯

⠹ Enhancing... Enhancing... Still loading.
(esc to cancel, 2s)

Using:
  - 2 GEMINI.md files                     YOLO mode (ctrl + y to toggle)
  - 6 MCP servers (ctrl+t to view)
╭──────────────────────────────────────────────────────────────────────╮
│ *   Type your message or @path/to/file                               │
╰──────────────────────────────────────────────────────────────────────╯
gemini-cli (yifan*)

no sandbox (see /docs)

gemini-2.5-flash (100% context left)  | ✖ 4 errors (ctrl+o for details)
✦ 5

╭──────────────────────────────────────────────────────────────────────╮
│ A new version of Gemini CLI is available!                            │
│ 0.9.0-nightly.20251001.163dba7e → 0.10.0-nightly.20251015.996c9f59   │
│ Running from a local git clone. Please update with "git pull".       │
╰──────────────────────────────────────────────────────────────────────╯

⠸ Enhancing... Enhancing... Still loading.
(esc to cancel, 2s)

Using:
  - 2 GEMINI.md files                     YOLO mode (ctrl + y to toggle)
  - 6 MCP servers (ctrl+t to view)
╭──────────────────────────────────────────────────────────────────────╮
│ *   Type your message or @path/to/file                               │
╰──────────────────────────────────────────────────────────────────────╯
gemini-cli (yifan*)

no sandbox (see /docs)

gemini-2.5-flash (100% context left)  | ✖ 4 errors (ctrl+o for details)
✦ 579

╭──────────────────────────────────────────────────────────────────────╮
│ A new version of Gemini CLI is available!                            │
│ 0.9.0-nightly.20251001.163dba7e → 0.10.0-nightly.20251015.996c9f59   │
│ Running from a local git clone. Please update with "git pull".       │
╰──────────────────────────────────────────────────────────────────────╯

Using:
  - 2 GEMINI.md files                     YOLO mode (ctrl + y to toggle)
  - 6 MCP servers (ctrl+t to view)
╭──────────────────────────────────────────────────────────────────────╮
│ *   Type your message or @path/to/file                               │
╰──────────────────────────────────────────────────────────────────────╯
gemini-cli (yifan*)

no sandbox (see /docs)

gemini-2.5-flash (99% context left)  | ✖ 4 errors (ctrl+o for details)

╭──────────────────────────────────────────────────────────────────────╮
│ A new version of Gemini CLI is available!                            │
│ 0.9.0-nightly.20251001.163dba7e → 0.10.0-nightly.20251015.996c9f59   │
│ Running from a local git clone. Please update with "git pull".       │
╰──────────────────────────────────────────────────────────────────────╯

Press Ctrl+C again to exit.               YOLO mode (ctrl + y to toggle)
╭──────────────────────────────────────────────────────────────────────╮
│ *   Type your message or @path/to/file                               │
╰──────────────────────────────────────────────────────────────────────╯
gemini-cli (yifan*)

no sandbox (see /docs)

gemini-2.5-flash (99% context left)  | ✖ 4 errors (ctrl+o for details)

> /quit

╭──────────────────────────────────────────────────────────────────────────────╮
│                                                                              │
│  Agent powering down. Goodbye!                                               │
│                                                                              │
│  Interaction Summary                                                         │
│  Session ID:                 c77c4d39-8bbd-4121-b6d4-7102a3d472dd            │
│  Tool Calls:                 0 ( ✓ 0 x 0 )                                   │
│  Success Rate:               0.0%                                            │
│                                                                              │
│  Performance                                                                 │
│  Wall Time:                  33.3s                                           │
│  Agent Active:               25.2s                                           │
│    » API Time:               2.7s (10.7%)                                    │
│      • gemini-2.5-flash:     2.7s (100.0%)                                   │
│    » Tool Time:              22.5s (89.3%)                                   │
│      • MCP Init:             22.5s (100.0%)                                  │
│                                                                              │
│  Detailed Timing Breakdown                                                   │
│                                                                              │
│    » MCP Servers:            (detailed breakdown)                            │
│      • github:               295ms (1.3%)                                    │
│        ‣ Connection:         291ms (98.6%)                                   │
│        ‣ Discovery:          4ms (1.4%)                                      │
│                                                                              │
│      • playwright:           2.7s (11.9%)                                    │
│        ‣ Connection:         2.7s (99.9%)                                    │
│        ‣ Discovery:          4ms (0.1%)                                      │
│                                                                              │
│      • git:                  2.8s (12.2%)                                    │
│        ‣ Connection:         2.7s (99.9%)                                    │
│        ‣ Discovery:          3ms (0.1%)                                      │
│                                                                              │
│      • docker:               3.4s (14.9%)                                    │
│        ‣ Connection:         3.4s (99.8%)                                    │
│        ‣ Discovery:          6ms (0.2%)                                      │
│                                                                              │
│      • fetcher:              4.0s (18.0%)                                    │
│        ‣ Connection:         4.0s (100.0%)                                   │
│        ‣ Discovery:          1ms (0.0%)                                      │
│                                                                              │
│      • pydantic-run-python:  9.3s (41.5%)                                    │
│        ‣ Connection:         9.3s (100.0%)                                   │
│        ‣ Discovery:          1ms (0.0%)                                      │
│                                                                              │
│                                                                              │
│                                                                              │
│  Model Usage                  Reqs   Input Tokens  Output Tokens             │
│  ───────────────────────────────────────────────────────────────             │
│  gemini-2.5-flash                1         14,095              3             │
│                                                                              │
│  Savings Highlight: 9,756 (69.2%) of input tokens were served from the       │
│  cache, reducing costs.                                                      │
│                                                                              │
│  » Tip: For a full token breakdown, run `/stats model`.                      │
│                                                                              │
╰──────────────────────────────────────────────────────────────────────────────╯

   █████████  ██████████ ██████   ██████ █████ ██████   █████ █████
  ███░░░░░███░░███░░░░░█░░██████ ██████ ░░███ ░░██████ ░░███ ░░███
 ███     ░░░  ░███  █ ░  ░███░█████░███  ░███  ░███░███ ░███  ░███
░███          ░██████    ░███░░███ ░███  ░███  ░███░░███░███  ░███
░███    █████ ░███░░█    ░███ ░░░  ░███  ░███  ░███ ░░██████  ░███
░░███  ░░███  ░███ ░   █ ░███      ░███  ░███  ░███  ░░█████  ░███
 ░░█████████  ██████████ █████     █████ █████ █████  ░░█████ █████
  ░░░░░░░░░  ░░░░░░░░░░ ░░░░░     ░░░░░ ░░░░░ ░░░░░    ░░░░░ ░░░░░

                                   v0.9.0-nightly.20251001.163dba7e
Tips for getting started:
1. Ask questions, edit files, or run commands.
2. Be specific for the best results.
3. /help for more information.

> 计算 123 + 456

✦ 579

> /quit

╭──────────────────────────────────────────────────────────────────────────────╮
│                                                                              │
│  Agent powering down. Goodbye!                                               │
│                                                                              │
│  Interaction Summary                                                         │
│  Session ID:                 c77c4d39-8bbd-4121-b6d4-7102a3d472dd            │
│  Tool Calls:                 0 ( ✓ 0 x 0 )                                   │
│  Success Rate:               0.0%                                            │
│                                                                              │
│  Performance                                                                 │
│  Wall Time:                  33.3s                                           │
│  Agent Active:               25.2s                                           │
│    » API Time:               2.7s (10.7%)                                    │
│      • gemini-2.5-flash:     2.7s (100.0%)                                   │
│    » Tool Time:              22.5s (89.3%)                                   │
│      • MCP Init:             22.5s (100.0%)                                  │
│                                                                              │
│  Detailed Timing Breakdown                                                   │
│                                                                              │
│    » MCP Servers:            (detailed breakdown)                            │
│      • github:               295ms (1.3%)                                    │
│        ‣ Connection:         291ms (98.6%)                                   │
│        ‣ Discovery:          4ms (1.4%)                                      │
│                                                                              │
│      • playwright:           2.7s (11.9%)                                    │
│        ‣ Connection:         2.7s (99.9%)                                    │
│        ‣ Discovery:          4ms (0.1%)                                      │
│                                                                              │
│      • git:                  2.8s (12.2%)                                    │
│        ‣ Connection:         2.7s (99.9%)                                    │
│        ‣ Discovery:          3ms (0.1%)                                      │
│                                                                              │
│      • docker:               3.4s (14.9%)                                    │
│        ‣ Connection:         3.4s (99.8%)                                    │
│        ‣ Discovery:          6ms (0.2%)                                      │
│                                                                              │
│      • fetcher:              4.0s (18.0%)                                    │
│        ‣ Connection:         4.0s (100.0%)                                   │
│        ‣ Discovery:          1ms (0.0%)                                      │
│                                                                              │
│      • pydantic-run-python:  9.3s (41.5%)                                    │
│        ‣ Connection:         9.3s (100.0%)                                   │
│        ‣ Discovery:          1ms (0.0%)                                      │
│                                                                              │
│                                                                              │
│                                                                              │
│  Model Usage                  Reqs   Input Tokens  Output Tokens             │
│  ───────────────────────────────────────────────────────────────             │
│  gemini-2.5-flash                1         14,095              3             │
│                                                                              │
│  Savings Highlight: 9,756 (69.2%) of input tokens were served from the       │
│  cache, reducing costs.                                                      │
│                                                                              │
│  » Tip: For a full token breakdown, run `/stats model`.                      │
│                                                                              │
╰──────────────────────────────────────────────────────────────────────────────╯

   █████████  ██████████ ██████   ██████ █████ ██████   █████ █████
  ███░░░░░███░░███░░░░░█░░██████ ██████ ░░███ ░░██████ ░░███ ░░███
 ███     ░░░  ░███  █ ░  ░███░█████░███  ░███  ░███░███ ░███  ░███
░███          ░██████    ░███░░███ ░███  ░███  ░███░░███░███  ░███
░███    █████ ░███░░█    ░███ ░░░  ░███  ░███  ░███ ░░██████  ░███
░░███  ░░███  ░███ ░   █ ░███      ░███  ░███  ░███  ░░█████  ░███
 ░░█████████  ██████████ █████     █████ █████ █████  ░░█████ █████
  ░░░░░░░░░  ░░░░░░░░░░ ░░░░░     ░░░░░ ░░░░░ ░░░░░    ░░░░░ ░░░░░

                                   v0.9.0-nightly.20251001.163dba7e
Tips for getting started:
1. Ask questions, edit files, or run commands.
2. Be specific for the best results.
3. /help for more information.

> 计算 123 + 456

✦ 579

> /quit

╭──────────────────────────────────────────────────────────────────────────────╮
│                                                                              │
│  Agent powering down. Goodbye!                                               │
│                                                                              │
│  Interaction Summary                                                         │
│  Session ID:                 c77c4d39-8bbd-4121-b6d4-7102a3d472dd            │
│  Tool Calls:                 0 ( ✓ 0 x 0 )                                   │
│  Success Rate:               0.0%                                            │
│                                                                              │
│  Performance                                                                 │
│  Wall Time:                  33.3s                                           │
│  Agent Active:               25.2s                                           │
│    » API Time:               2.7s (10.7%)                                    │
│      • gemini-2.5-flash:     2.7s (100.0%)                                   │
│    » Tool Time:              22.5s (89.3%)                                   │
│      • MCP Init:             22.5s (100.0%)                                  │
│                                                                              │
│  Detailed Timing Breakdown                                                   │
│                                                                              │
│    » MCP Servers:            (detailed breakdown)                            │
│      • github:               295ms (1.3%)                                    │
│        ‣ Connection:         291ms (98.6%)                                   │
│        ‣ Discovery:          4ms (1.4%)                                      │
│                                                                              │
│      • playwright:           2.7s (11.9%)                                    │
│        ‣ Connection:         2.7s (99.9%)                                    │
│        ‣ Discovery:          4ms (0.1%)                                      │
│                                                                              │
│      • git:                  2.8s (12.2%)                                    │
│        ‣ Connection:         2.7s (99.9%)                                    │
│        ‣ Discovery:          3ms (0.1%)                                      │
│                                                                              │
│      • docker:               3.4s (14.9%)                                    │
│        ‣ Connection:         3.4s (99.8%)                                    │
│        ‣ Discovery:          6ms (0.2%)                                      │
│                                                                              │
│      • fetcher:              4.0s (18.0%)                                    │
│        ‣ Connection:         4.0s (100.0%)                                   │
│        ‣ Discovery:          1ms (0.0%)                                      │
│                                                                              │
│      • pydantic-run-python:  9.3s (41.5%)                                    │
│        ‣ Connection:         9.3s (100.0%)                                   │
│        ‣ Discovery:          1ms (0.0%)                                      │
│                                                                              │
│                                                                              │
│                                                                              │
│  Model Usage                  Reqs   Input Tokens  Output Tokens             │
│  ───────────────────────────────────────────────────────────────             │
│  gemini-2.5-flash                1         14,095              3             │
│                                                                              │
│  Savings Highlight: 9,756 (69.2%) of input tokens were served from the       │
│  cache, reducing costs.                                                      │
│                                                                              │
│  » Tip: For a full token breakdown, run `/stats model`.                      │
│                                                                              │
╰──────────────────────────────────────────────────────────────────────────────╯

